Archive member included to satisfy reference by file (symbol)

/home/sunqi/program/gcc-arm-none-eabi-5_4-2016q3/bin/../lib/gcc/arm-none-eabi/5.4.1/../../../../arm-none-eabi/lib/armv7-m/libg_nano.a(lib_a-init.o)
                              CMakeFiles/mcu.elf.dir/system/startup/startup_stm32f103xe.s.obj (__libc_init_array)
/home/sunqi/program/gcc-arm-none-eabi-5_4-2016q3/bin/../lib/gcc/arm-none-eabi/5.4.1/../../../../arm-none-eabi/lib/armv7-m/libg_nano.a(lib_a-printf.o)
                              CMakeFiles/mcu.elf.dir/main.c.obj (printf)
/home/sunqi/program/gcc-arm-none-eabi-5_4-2016q3/bin/../lib/gcc/arm-none-eabi/5.4.1/../../../../arm-none-eabi/lib/armv7-m/libg_nano.a(lib_a-findfp.o)
                              /home/sunqi/program/gcc-arm-none-eabi-5_4-2016q3/bin/../lib/gcc/arm-none-eabi/5.4.1/../../../../arm-none-eabi/lib/armv7-m/libg_nano.a(lib_a-printf.o) (__sinit)
/home/sunqi/program/gcc-arm-none-eabi-5_4-2016q3/bin/../lib/gcc/arm-none-eabi/5.4.1/../../../../arm-none-eabi/lib/armv7-m/libg_nano.a(lib_a-fwalk.o)
                              /home/sunqi/program/gcc-arm-none-eabi-5_4-2016q3/bin/../lib/gcc/arm-none-eabi/5.4.1/../../../../arm-none-eabi/lib/armv7-m/libg_nano.a(lib_a-findfp.o) (_fwalk)
/home/sunqi/program/gcc-arm-none-eabi-5_4-2016q3/bin/../lib/gcc/arm-none-eabi/5.4.1/../../../../arm-none-eabi/lib/armv7-m/libg_nano.a(lib_a-impure.o)
                              /home/sunqi/program/gcc-arm-none-eabi-5_4-2016q3/bin/../lib/gcc/arm-none-eabi/5.4.1/../../../../arm-none-eabi/lib/armv7-m/libg_nano.a(lib_a-findfp.o) (_global_impure_ptr)
/home/sunqi/program/gcc-arm-none-eabi-5_4-2016q3/bin/../lib/gcc/arm-none-eabi/5.4.1/../../../../arm-none-eabi/lib/armv7-m/libg_nano.a(lib_a-memset.o)
                              /home/sunqi/program/gcc-arm-none-eabi-5_4-2016q3/bin/../lib/gcc/arm-none-eabi/5.4.1/../../../../arm-none-eabi/lib/armv7-m/libg_nano.a(lib_a-findfp.o) (memset)
/home/sunqi/program/gcc-arm-none-eabi-5_4-2016q3/bin/../lib/gcc/arm-none-eabi/5.4.1/../../../../arm-none-eabi/lib/armv7-m/libg_nano.a(lib_a-nano-mallocr.o)
                              /home/sunqi/program/gcc-arm-none-eabi-5_4-2016q3/bin/../lib/gcc/arm-none-eabi/5.4.1/../../../../arm-none-eabi/lib/armv7-m/libg_nano.a(lib_a-findfp.o) (_malloc_r)
/home/sunqi/program/gcc-arm-none-eabi-5_4-2016q3/bin/../lib/gcc/arm-none-eabi/5.4.1/../../../../arm-none-eabi/lib/armv7-m/libg_nano.a(lib_a-nano-vfprintf.o)
                              /home/sunqi/program/gcc-arm-none-eabi-5_4-2016q3/bin/../lib/gcc/arm-none-eabi/5.4.1/../../../../arm-none-eabi/lib/armv7-m/libg_nano.a(lib_a-printf.o) (_vfprintf_r)
/home/sunqi/program/gcc-arm-none-eabi-5_4-2016q3/bin/../lib/gcc/arm-none-eabi/5.4.1/../../../../arm-none-eabi/lib/armv7-m/libg_nano.a(lib_a-nano-vfprintf_i.o)
                              /home/sunqi/program/gcc-arm-none-eabi-5_4-2016q3/bin/../lib/gcc/arm-none-eabi/5.4.1/../../../../arm-none-eabi/lib/armv7-m/libg_nano.a(lib_a-nano-vfprintf.o) (_printf_i)
/home/sunqi/program/gcc-arm-none-eabi-5_4-2016q3/bin/../lib/gcc/arm-none-eabi/5.4.1/../../../../arm-none-eabi/lib/armv7-m/libg_nano.a(lib_a-sbrkr.o)
                              /home/sunqi/program/gcc-arm-none-eabi-5_4-2016q3/bin/../lib/gcc/arm-none-eabi/5.4.1/../../../../arm-none-eabi/lib/armv7-m/libg_nano.a(lib_a-nano-mallocr.o) (_sbrk_r)
/home/sunqi/program/gcc-arm-none-eabi-5_4-2016q3/bin/../lib/gcc/arm-none-eabi/5.4.1/../../../../arm-none-eabi/lib/armv7-m/libg_nano.a(lib_a-stdio.o)
                              /home/sunqi/program/gcc-arm-none-eabi-5_4-2016q3/bin/../lib/gcc/arm-none-eabi/5.4.1/../../../../arm-none-eabi/lib/armv7-m/libg_nano.a(lib_a-findfp.o) (__sread)
/home/sunqi/program/gcc-arm-none-eabi-5_4-2016q3/bin/../lib/gcc/arm-none-eabi/5.4.1/../../../../arm-none-eabi/lib/armv7-m/libg_nano.a(lib_a-wbuf.o)
                              /home/sunqi/program/gcc-arm-none-eabi-5_4-2016q3/bin/../lib/gcc/arm-none-eabi/5.4.1/../../../../arm-none-eabi/lib/armv7-m/libg_nano.a(lib_a-nano-vfprintf.o) (__swbuf_r)
/home/sunqi/program/gcc-arm-none-eabi-5_4-2016q3/bin/../lib/gcc/arm-none-eabi/5.4.1/../../../../arm-none-eabi/lib/armv7-m/libg_nano.a(lib_a-writer.o)
                              /home/sunqi/program/gcc-arm-none-eabi-5_4-2016q3/bin/../lib/gcc/arm-none-eabi/5.4.1/../../../../arm-none-eabi/lib/armv7-m/libg_nano.a(lib_a-stdio.o) (_write_r)
/home/sunqi/program/gcc-arm-none-eabi-5_4-2016q3/bin/../lib/gcc/arm-none-eabi/5.4.1/../../../../arm-none-eabi/lib/armv7-m/libg_nano.a(lib_a-wsetup.o)
                              /home/sunqi/program/gcc-arm-none-eabi-5_4-2016q3/bin/../lib/gcc/arm-none-eabi/5.4.1/../../../../arm-none-eabi/lib/armv7-m/libg_nano.a(lib_a-nano-vfprintf.o) (__swsetup_r)
/home/sunqi/program/gcc-arm-none-eabi-5_4-2016q3/bin/../lib/gcc/arm-none-eabi/5.4.1/../../../../arm-none-eabi/lib/armv7-m/libg_nano.a(lib_a-closer.o)
[...]
Memory Configuration

Name             Origin             Length             Attributes
FLASH            0x08000000         0x00080000         xr
RAM              0x20000000         0x00010000         xrw
*default*        0x00000000         0xffffffff

Linker script and memory map

LOAD CMakeFiles/mcu.elf.dir/system/startup/startup_stm32f103xe.s.obj
LOAD CMakeFiles/mcu.elf.dir/main.c.obj
LOAD CMakeFiles/mcu.elf.dir/user/adc.c.obj
LOAD CMakeFiles/mcu.elf.dir/user/beep.c.obj
LOAD CMakeFiles/mcu.elf.dir/user/delay.c.obj
LOAD CMakeFiles/mcu.elf.dir/user/key.c.obj
LOAD CMakeFiles/mcu.elf.dir/user/led.c.obj
LOAD CMakeFiles/mcu.elf.dir/user/sys.c.obj
LOAD CMakeFiles/mcu.elf.dir/user/usart.c.obj
LOAD CMakeFiles/mcu.elf.dir/user/wdg.c.obj
LOAD CMakeFiles/mcu.elf.dir/stdlib/Src/misc.c.obj
LOAD CMakeFiles/mcu.elf.dir/stdlib/Src/stm32f10x_adc.c.obj
LOAD CMakeFiles/mcu.elf.dir/stdlib/Src/stm32f10x_bkp.c.obj
LOAD CMakeFiles/mcu.elf.dir/stdlib/Src/stm32f10x_can.c.obj
LOAD CMakeFiles/mcu.elf.dir/stdlib/Src/stm32f10x_cec.c.obj
LOAD CMakeFiles/mcu.elf.dir/stdlib/Src/stm32f10x_crc.c.obj
LOAD CMakeFiles/mcu.elf.dir/stdlib/Src/stm32f10x_dac.c.obj
LOAD CMakeFiles/mcu.elf.dir/stdlib/Src/stm32f10x_dbgmcu.c.obj
LOAD CMakeFiles/mcu.elf.dir/stdlib/Src/stm32f10x_dma.c.obj
LOAD CMakeFiles/mcu.elf.dir/stdlib/Src/stm32f10x_exti.c.obj
LOAD CMakeFiles/mcu.elf.dir/stdlib/Src/stm32f10x_flash.c.obj
LOAD CMakeFiles/mcu.elf.dir/stdlib/Src/stm32f10x_fsmc.c.obj
LOAD CMakeFiles/mcu.elf.dir/stdlib/Src/stm32f10x_gpio.c.obj
LOAD CMakeFiles/mcu.elf.dir/stdlib/Src/stm32f10x_i2c.c.obj
LOAD CMakeFiles/mcu.elf.dir/stdlib/Src/stm32f10x_iwdg.c.obj
LOAD CMakeFiles/mcu.elf.dir/stdlib/Src/stm32f10x_pwr.c.obj
LOAD CMakeFiles/mcu.elf.dir/stdlib/Src/stm32f10x_rcc.c.obj
LOAD CMakeFiles/mcu.elf.dir/stdlib/Src/stm32f10x_rtc.c.obj
LOAD CMakeFiles/mcu.elf.dir/stdlib/Src/stm32f10x_sdio.c.obj
LOAD CMakeFiles/mcu.elf.dir/stdlib/Src/stm32f10x_spi.c.obj
LOAD CMakeFiles/mcu.elf.dir/stdlib/Src/stm32f10x_tim.c.obj
LOAD CMakeFiles/mcu.elf.dir/stdlib/Src/stm32f10x_usart.c.obj
LOAD CMakeFiles/mcu.elf.dir/stdlib/Src/stm32f10x_wwdg.c.obj
LOAD CMakeFiles/mcu.elf.dir/stdlib/Src/system_stm32f10x.c.obj
START GROUP
LOAD /home/sunqi/program/gcc-arm-none-eabi-5_4-2016q3/bin/../lib/gcc/arm-none-eabi/5.4.1/armv7-m/libgcc.a
LOAD /home/sunqi/program/gcc-arm-none-eabi-5_4-2016q3/bin/../lib/gcc/arm-none-eabi/5.4.1/../../../../arm-none-eabi/lib/armv7-m/libg_nano.a
LOAD /home/sunqi/program/gcc-arm-none-eabi-5_4-2016q3/bin/../lib/gcc/arm-none-eabi/5.4.1/../../../../arm-none-eabi/lib/armv7-m/libc_nano.a
END GROUP
START GROUP
LOAD /home/sunqi/program/gcc-arm-none-eabi-5_4-2016q3/bin/../lib/gcc/arm-none-eabi/5.4.1/armv7-m/libgcc.a
LOAD /home/sunqi/program/gcc-arm-none-eabi-5_4-2016q3/bin/../lib/gcc/arm-none-eabi/5.4.1/../../../../arm-none-eabi/lib/armv7-m/libc_nano.a
LOAD /home/sunqi/program/gcc-arm-none-eabi-5_4-2016q3/bin/../lib/gcc/arm-none-eabi/5.4.1/../../../../arm-none-eabi/lib/armv7-m/libnosys.a
END GROUP
START GROUP
LOAD /home/sunqi/program/gcc-arm-none-eabi-5_4-2016q3/bin/../lib/gcc/arm-none-eabi/5.4.1/armv7-m/libgcc.a
LOAD /home/sunqi/program/gcc-arm-none-eabi-5_4-2016q3/bin/../lib/gcc/arm-none-eabi/5.4.1/../../../../arm-none-eabi/lib/armv7-m/libc_nano.a
LOAD /home/sunqi/program/gcc-arm-none-eabi-5_4-2016q3/bin/../lib/gcc/arm-none-eabi/5.4.1/../../../../arm-none-eabi/lib/armv7-m/libnosys.a
END GROUP
                0x2000ffff                _estack = 0x2000ffff
                0x00000200                _Min_Heap_Size = 0x200
                0x00000400                _Min_Stack_Size = 0x400

.isr_vector     0x08000000      0x1e4
                0x08000000                . = ALIGN (0x4)
 *(.isr_vector)
 .isr_vector    0x08000000      0x1e4 CMakeFiles/mcu.elf.dir/system/startup/startup_stm32f103xe.s.obj
                0x08000000                g_pfnVectors
                0x080001e4                . = ALIGN (0x4)

.text           0x080001e4      0x6bc
                0x080001e4                . = ALIGN (0x4)
 *(.text)
 *(.text*)
 .text.Reset_Handler
                0x080001e4       0x48 CMakeFiles/mcu.elf.dir/system/startup/startup_stm32f103xe.s.obj
                0x080001e4                Reset_Handler
 .text.Default_Handler
                0x0800022c        0x2 CMakeFiles/mcu.elf.dir/system/startup/startup_stm32f103xe.s.obj
                0x0800022c                RTC_Alarm_IRQHandler
                0x0800022c                TIM8_TRG_COM_IRQHandler
                0x0800022c                TIM8_CC_IRQHandler
                0x0800022c                DebugMon_Handler
                0x0800022c                TIM1_CC_IRQHandler
                0x0800022c                HardFault_Handler
                0x0800022c                TIM6_IRQHandler
                0x0800022c                SysTick_Handler
                0x0800022c                PVD_IRQHandler
                0x0800022c                SDIO_IRQHandler
                0x0800022c                PendSV_Handler
                0x0800022c                NMI_Handler
                0x0800022c                EXTI3_IRQHandler
                0x0800022c                EXTI0_IRQHandler
                0x0800022c                I2C2_EV_IRQHandler
                0x0800022c                UsageFault_Handler
                0x0800022c                ADC1_2_IRQHandler
                0x0800022c                SPI1_IRQHandler
                0x0800022c                TAMPER_IRQHandler
                0x0800022c                TIM8_UP_IRQHandler
                0x0800022c                DMA2_Channel2_IRQHandler
                0x0800022c                DMA1_Channel4_IRQHandler
                0x0800022c                USART3_IRQHandler
                0x0800022c                RTC_IRQHandler
                0x0800022c                DMA1_Channel7_IRQHandler
                0x0800022c                CAN1_RX1_IRQHandler
                0x0800022c                UART5_IRQHandler
                0x0800022c                ADC3_IRQHandler
                0x0800022c                TIM4_IRQHandler
                0x0800022c                DMA2_Channel1_IRQHandler
                0x0800022c                I2C1_EV_IRQHandler
                0x0800022c                DMA1_Channel6_IRQHandler
                0x0800022c                UART4_IRQHandler
                0x0800022c                RCC_IRQHandler
                0x0800022c                TIM1_TRG_COM_IRQHandler
                0x0800022c                DMA1_Channel1_IRQHandler
                0x0800022c                Default_Handler
                0x0800022c                EXTI15_10_IRQHandler
                0x0800022c                TIM7_IRQHandler
                0x0800022c                TIM5_IRQHandler
                0x0800022c                EXTI9_5_IRQHandler
                0x0800022c                SPI2_IRQHandler
                0x0800022c                MemManage_Handler
                0x0800022c                SVC_Handler
                0x0800022c                DMA1_Channel5_IRQHandler
                0x0800022c                EXTI4_IRQHandler
                0x0800022c                USB_LP_CAN1_RX0_IRQHandler
                0x0800022c                USB_HP_CAN1_TX_IRQHandler
                0x0800022c                DMA1_Channel3_IRQHandler
                0x0800022c                FSMC_IRQHandler
                0x0800022c                TIM1_UP_IRQHandler
                0x0800022c                WWDG_IRQHandler
                0x0800022c                TIM2_IRQHandler
                0x0800022c                TIM1_BRK_IRQHandler
                0x0800022c                EXTI1_IRQHandler
                0x0800022c                DMA2_Channel4_5_IRQHandler
                0x0800022c                USART2_IRQHandler
                0x0800022c                I2C2_ER_IRQHandler
                0x0800022c                DMA1_Channel2_IRQHandler
                0x0800022c                TIM8_BRK_IRQHandler
                0x0800022c                CAN1_SCE_IRQHandler
                0x0800022c                FLASH_IRQHandler
                0x0800022c                BusFault_Handler
                0x0800022c                SPI3_IRQHandler
                0x0800022c                I2C1_ER_IRQHandler
                0x0800022c                USBWakeUp_IRQHandler
                0x0800022c                DMA2_Channel3_IRQHandler
 *fill*         0x0800022e        0x2 
 .text.EXTI2_IRQHandler
                0x08000230       0x30 CMakeFiles/mcu.elf.dir/main.c.obj
                0x08000230                EXTI2_IRQHandler
 .text.timer3_init
                0x08000260       0x60 CMakeFiles/mcu.elf.dir/main.c.obj
                0x08000260                timer3_init
 .text.TIM3_IRQHandler
                0x080002c0       0x2c CMakeFiles/mcu.elf.dir/main.c.obj
                0x080002c0                TIM3_IRQHandler
 .text.test_timer3
                0x080002ec       0x48 CMakeFiles/mcu.elf.dir/main.c.obj
                0x080002ec                test_timer3
 .text.main     0x08000334        0x8 CMakeFiles/mcu.elf.dir/main.c.obj
                0x08000334                main
 .text.delay_init
                0x0800033c       0x3c CMakeFiles/mcu.elf.dir/user/delay.c.obj
                0x0800033c                delay_init
 .text.delay_ms
                0x08000378       0x3c CMakeFiles/mcu.elf.dir/user/delay.c.obj
                0x08000378                delay_ms
 .text.LED_Init
                0x080003b4       0x50 CMakeFiles/mcu.elf.dir/user/led.c.obj
                0x080003b4                LED_Init
 .text.USART1_IRQHandler
                0x08000404       0x7c CMakeFiles/mcu.elf.dir/user/usart.c.obj
                0x08000404                USART1_IRQHandler
 .text.NVIC_Init
                0x08000480       0x64 CMakeFiles/mcu.elf.dir/stdlib/Src/misc.c.obj
                0x08000480                NVIC_Init
 .text.SysTick_CLKSourceConfig
                0x080004e4       0x20 CMakeFiles/mcu.elf.dir/stdlib/Src/misc.c.obj
                0x080004e4                SysTick_CLKSourceConfig
 .text.EXTI_ClearITPendingBit
                0x08000504        0xc CMakeFiles/mcu.elf.dir/stdlib/Src/stm32f10x_exti.c.obj
                0x08000504                EXTI_ClearITPendingBit
 .text.GPIO_Init
                0x08000510       0x9c CMakeFiles/mcu.elf.dir/stdlib/Src/stm32f10x_gpio.c.obj
                0x08000510                GPIO_Init
 .text.GPIO_ReadInputDataBit
                0x080005ac       0x10 CMakeFiles/mcu.elf.dir/stdlib/Src/stm32f10x_gpio.c.obj
                0x080005ac                GPIO_ReadInputDataBit
 .text.GPIO_SetBits
                0x080005bc        0x4 CMakeFiles/mcu.elf.dir/stdlib/Src/stm32f10x_gpio.c.obj
                0x080005bc                GPIO_SetBits
 .text.RCC_APB2PeriphClockCmd
                0x080005c0       0x1c CMakeFiles/mcu.elf.dir/stdlib/Src/stm32f10x_rcc.c.obj
                0x080005c0                RCC_APB2PeriphClockCmd
 .text.RCC_APB1PeriphClockCmd
                0x080005dc       0x1c CMakeFiles/mcu.elf.dir/stdlib/Src/stm32f10x_rcc.c.obj
                0x080005dc                RCC_APB1PeriphClockCmd
 .text.TIM_TimeBaseInit
                0x080005f8       0x94 CMakeFiles/mcu.elf.dir/stdlib/Src/stm32f10x_tim.c.obj
                0x080005f8                TIM_TimeBaseInit
 .text.TIM_Cmd  0x0800068c       0x1c CMakeFiles/mcu.elf.dir/stdlib/Src/stm32f10x_tim.c.obj
                0x0800068c                TIM_Cmd
 .text.TIM_ITConfig
                0x080006a8       0x18 CMakeFiles/mcu.elf.dir/stdlib/Src/stm32f10x_tim.c.obj
                0x080006a8                TIM_ITConfig
 .text.TIM_GetITStatus
                0x080006c0       0x18 CMakeFiles/mcu.elf.dir/stdlib/Src/stm32f10x_tim.c.obj
                0x080006c0                TIM_GetITStatus
 .text.TIM_ClearITPendingBit
                0x080006d8        0x8 CMakeFiles/mcu.elf.dir/stdlib/Src/stm32f10x_tim.c.obj
                0x080006d8                TIM_ClearITPendingBit
 .text.USART_ReceiveData
                0x080006e0        0x8 CMakeFiles/mcu.elf.dir/stdlib/Src/stm32f10x_usart.c.obj
                0x080006e0                USART_ReceiveData
 .text.USART_GetITStatus
                0x080006e8       0x4c CMakeFiles/mcu.elf.dir/stdlib/Src/stm32f10x_usart.c.obj
                0x080006e8                USART_GetITStatus
 .text.SetSysClockTo72
                0x08000734       0xc4 CMakeFiles/mcu.elf.dir/stdlib/Src/system_stm32f10x.c.obj
 .text.SetSysClock
                0x080007f8        0x8 CMakeFiles/mcu.elf.dir/stdlib/Src/system_stm32f10x.c.obj
 .text.SystemInit
                0x08000800       0x50 CMakeFiles/mcu.elf.dir/stdlib/Src/system_stm32f10x.c.obj
                0x08000800                SystemInit
 .text._init    0x08000850        0x4 CMakeFiles/mcu.elf.dir/stdlib/Src/system_stm32f10x.c.obj
                0x08000850                _init
 .text.__libc_init_array
                0x08000854       0x4c /home/sunqi/program/gcc-arm-none-eabi-5_4-2016q3/bin/../lib/gcc/arm-none-eabi/5.4.1/../../../../arm-none-eabi/lib/armv7-m/libg_nano.a(lib_a-init.o)
                0x08000854                __libc_init_array
 *(.glue_7)
 .glue_7        0x080008a0        0x0 linker stubs
 *(.glue_7t)
 .glue_7t       0x080008a0        0x0 linker stubs
 *(.eh_frame)
 *(.init)
 *(.fini)
                0x080008a0                . = ALIGN (0x4)
                0x080008a0                _etext = .

.vfp11_veneer   0x080008a0        0x0
 .vfp11_veneer  0x080008a0        0x0 linker stubs

.v4_bx          0x080008a0        0x0
 .v4_bx         0x080008a0        0x0 linker stubs

.iplt           0x080008a0        0x0
 .iplt          0x080008a0        0x0 CMakeFiles/mcu.elf.dir/system/startup/startup_stm32f103xe.s.obj

.rel.dyn        0x080008a0        0x0
 .rel.iplt      0x080008a0        0x0 CMakeFiles/mcu.elf.dir/system/startup/startup_stm32f103xe.s.obj

.rodata         0x080008a0        0x0
                0x080008a0                . = ALIGN (0x4)
 *(.rodata)
 *(.rodata*)
                0x080008a0                . = ALIGN (0x4)

.ARM.extab
 *(.ARM.extab* .gnu.linkonce.armextab.*)

.ARM            0x080008a0        0x0
                0x080008a0                __exidx_start = .
 *(.ARM.exidx*)
                0x080008a0                __exidx_end = .

.preinit_array  0x080008a0        0x0
                0x080008a0                PROVIDE (__preinit_array_start, .)
 *(.preinit_array*)
                0x080008a0                PROVIDE (__preinit_array_end, .)

.init_array     0x080008a0        0x0
                0x080008a0                PROVIDE (__init_array_start, .)
 *(SORT(.init_array.*))
 *(.init_array*)
                0x080008a0                PROVIDE (__init_array_end, .)

.fini_array     0x080008a0        0x0
                [!provide]                PROVIDE (__fini_array_start, .)
 *(SORT(.fini_array.*))
 *(.fini_array*)
                [!provide]                PROVIDE (__fini_array_end, .)
                0x080008a0                _sidata = LOADADDR (.data)

.data           0x20000000        0x4 load address 0x080008a0
                0x20000000                . = ALIGN (0x4)
                0x20000000                _sdata = .
 *(.data)
 *(.data*)
 .data.SystemCoreClock
                0x20000000        0x4 CMakeFiles/mcu.elf.dir/stdlib/Src/system_stm32f10x.c.obj
                0x20000000                SystemCoreClock
                0x20000004                . = ALIGN (0x4)
                0x20000004                _edata = .

.igot.plt       0x20000004        0x0 load address 0x080008a4
 .igot.plt      0x20000004        0x0 CMakeFiles/mcu.elf.dir/system/startup/startup_stm32f103xe.s.obj
                0x20000004                . = ALIGN (0x4)

.bss            0x20000004       0xd0 load address 0x080008a4
                0x20000004                _sbss = .
                0x20000004                __bss_start__ = _sbss
 *(.bss)
 *(.bss*)
 .bss.fac_us    0x20000004        0x1 CMakeFiles/mcu.elf.dir/user/delay.c.obj
 *fill*         0x20000005        0x1 
 .bss.fac_ms    0x20000006        0x2 CMakeFiles/mcu.elf.dir/user/delay.c.obj
 .bss.USART_RX_BUF
                0x20000008       0xc8 CMakeFiles/mcu.elf.dir/user/usart.c.obj
                0x20000008                USART_RX_BUF
 .bss.USART_RX_STA
                0x200000d0        0x2 CMakeFiles/mcu.elf.dir/user/usart.c.obj
                0x200000d0                USART_RX_STA
 *(COMMON)
                0x200000d4                . = ALIGN (0x4)
 *fill*         0x200000d2        0x2 
                0x200000d4                _ebss = .
                0x200000d4                __bss_end__ = _ebss

._user_heap_stack
                0x200000d4      0x600 load address 0x080008a4
                0x200000d4                . = ALIGN (0x4)
                0x200000d4                PROVIDE (end, .)
                [!provide]                PROVIDE (_end, .)
                0x200002d4                . = (. + _Min_Heap_Size)
 *fill*         0x200000d4      0x200 
                0x200006d4                . = (. + _Min_Stack_Size)
 *fill*         0x200002d4      0x400 
                0x200006d4                . = ALIGN (0x4)

/DISCARD/
 libc.a(*)
 libm.a(*)
 libgcc.a(*)

.ARM.attributes
                0x00000000       0x2f
 *(.ARM.attributes)
 .ARM.attributes
                0x00000000       0x21 CMakeFiles/mcu.elf.dir/system/startup/startup_stm32f103xe.s.obj
 .ARM.attributes
                0x00000021       0x33 CMakeFiles/mcu.elf.dir/main.c.obj
 .ARM.attributes
                0x00000054       0x33 CMakeFiles/mcu.elf.dir/user/delay.c.obj
 .ARM.attributes
                0x00000087       0x33 CMakeFiles/mcu.elf.dir/user/led.c.obj
 .ARM.attributes
                0x000000ba       0x33 CMakeFiles/mcu.elf.dir/user/usart.c.obj
 .ARM.attributes
                0x000000ed       0x33 CMakeFiles/mcu.elf.dir/stdlib/Src/misc.c.obj
 .ARM.attributes
                0x00000120       0x33 CMakeFiles/mcu.elf.dir/stdlib/Src/stm32f10x_exti.c.obj
 .ARM.attributes
                0x00000153       0x33 CMakeFiles/mcu.elf.dir/stdlib/Src/stm32f10x_gpio.c.obj
 .ARM.attributes
                0x00000186       0x33 CMakeFiles/mcu.elf.dir/stdlib/Src/stm32f10x_rcc.c.obj
 .ARM.attributes
                0x000001b9       0x33 CMakeFiles/mcu.elf.dir/stdlib/Src/stm32f10x_tim.c.obj
 .ARM.attributes
                0x000001ec       0x33 CMakeFiles/mcu.elf.dir/stdlib/Src/stm32f10x_usart.c.obj
 .ARM.attributes
                0x0000021f       0x33 CMakeFiles/mcu.elf.dir/stdlib/Src/system_stm32f10x.c.obj
 .ARM.attributes
                0x00000252       0x2d /home/sunqi/program/gcc-arm-none-eabi-5_4-2016q3/bin/../lib/gcc/arm-none-eabi/5.4.1/../../../../arm-none-eabi/lib/armv7-m/libg_nano.a(lib_a-init.o)
OUTPUT(mcu.elf elf32-littlearm)

.debug_line     0x00000000     0x3da9
 .debug_line    0x00000000       0x9f CMakeFiles/mcu.elf.dir/system/startup/startup_stm32f103xe.s.obj
 .debug_line    0x0000009f      0x72c CMakeFiles/mcu.elf.dir/main.c.obj
 .debug_line    0x000007cb      0x3ab CMakeFiles/mcu.elf.dir/user/delay.c.obj
 .debug_line    0x00000b76      0x36d CMakeFiles/mcu.elf.dir/user/led.c.obj
 .debug_line    0x00000ee3      0x600 CMakeFiles/mcu.elf.dir/user/usart.c.obj
 .debug_line    0x000014e3      0x3af CMakeFiles/mcu.elf.dir/stdlib/Src/misc.c.obj
 .debug_line    0x00001892      0x405 CMakeFiles/mcu.elf.dir/stdlib/Src/stm32f10x_exti.c.obj
 .debug_line    0x00001c97      0x59b CMakeFiles/mcu.elf.dir/stdlib/Src/stm32f10x_gpio.c.obj
 .debug_line    0x00002232      0x5f1 CMakeFiles/mcu.elf.dir/stdlib/Src/stm32f10x_rcc.c.obj
 .debug_line    0x00002823      0xbc7 CMakeFiles/mcu.elf.dir/stdlib/Src/stm32f10x_tim.c.obj
 .debug_line    0x000033ea      0x5c0 CMakeFiles/mcu.elf.dir/stdlib/Src/stm32f10x_usart.c.obj
 .debug_line    0x000039aa      0x3ff CMakeFiles/mcu.elf.dir/stdlib/Src/system_stm32f10x.c.obj

.debug_info     0x00000000     0x6f83
 .debug_info    0x00000000       0x8b CMakeFiles/mcu.elf.dir/system/startup/startup_stm32f103xe.s.obj
 .debug_info    0x0000008b     0x1008 CMakeFiles/mcu.elf.dir/main.c.obj
 .debug_info    0x00001093      0x1ed CMakeFiles/mcu.elf.dir/user/delay.c.obj
 .debug_info    0x00001280      0x2a4 CMakeFiles/mcu.elf.dir/user/led.c.obj
 .debug_info    0x00001524      0xfb3 CMakeFiles/mcu.elf.dir/user/usart.c.obj
 .debug_info    0x000024d7      0x53f CMakeFiles/mcu.elf.dir/stdlib/Src/misc.c.obj
 .debug_info    0x00002a16      0x344 CMakeFiles/mcu.elf.dir/stdlib/Src/stm32f10x_exti.c.obj
 .debug_info    0x00002d5a      0x867 CMakeFiles/mcu.elf.dir/stdlib/Src/stm32f10x_gpio.c.obj
 .debug_info    0x000035c1      0x8ad CMakeFiles/mcu.elf.dir/stdlib/Src/stm32f10x_rcc.c.obj
 .debug_info    0x00003e6e     0x2174 CMakeFiles/mcu.elf.dir/stdlib/Src/stm32f10x_tim.c.obj
 .debug_info    0x00005fe2      0xafc CMakeFiles/mcu.elf.dir/stdlib/Src/stm32f10x_usart.c.obj
 .debug_info    0x00006ade      0x4a5 CMakeFiles/mcu.elf.dir/stdlib/Src/system_stm32f10x.c.obj

.debug_abbrev   0x00000000     0x139b
 .debug_abbrev  0x00000000       0x12 CMakeFiles/mcu.elf.dir/system/startup/startup_stm32f103xe.s.obj
 .debug_abbrev  0x00000012      0x291 CMakeFiles/mcu.elf.dir/main.c.obj
 .debug_abbrev  0x000002a3      0x134 CMakeFiles/mcu.elf.dir/user/delay.c.obj
 .debug_abbrev  0x000003d7      0x129 CMakeFiles/mcu.elf.dir/user/led.c.obj
 .debug_abbrev  0x00000500      0x2c6 CMakeFiles/mcu.elf.dir/user/usart.c.obj
 .debug_abbrev  0x000007c6      0x159 CMakeFiles/mcu.elf.dir/stdlib/Src/misc.c.obj
 .debug_abbrev  0x0000091f      0x190 CMakeFiles/mcu.elf.dir/stdlib/Src/stm32f10x_exti.c.obj
 .debug_abbrev  0x00000aaf      0x1f0 CMakeFiles/mcu.elf.dir/stdlib/Src/stm32f10x_gpio.c.obj
 .debug_abbrev  0x00000c9f      0x1e5 CMakeFiles/mcu.elf.dir/stdlib/Src/stm32f10x_rcc.c.obj
 .debug_abbrev  0x00000e84      0x1df CMakeFiles/mcu.elf.dir/stdlib/Src/stm32f10x_tim.c.obj
 .debug_abbrev  0x00001063      0x1c9 CMakeFiles/mcu.elf.dir/stdlib/Src/stm32f10x_usart.c.obj
 .debug_abbrev  0x0000122c      0x16f CMakeFiles/mcu.elf.dir/stdlib/Src/system_stm32f10x.c.obj

.debug_aranges  0x00000000      0x7b0
 .debug_aranges
                0x00000000       0x28 CMakeFiles/mcu.elf.dir/system/startup/startup_stm32f103xe.s.obj
 .debug_aranges
                0x00000028       0x78 CMakeFiles/mcu.elf.dir/main.c.obj
 .debug_aranges
                0x000000a0       0x30 CMakeFiles/mcu.elf.dir/user/delay.c.obj
 .debug_aranges
                0x000000d0       0x20 CMakeFiles/mcu.elf.dir/user/led.c.obj
 .debug_aranges
                0x000000f0       0x38 CMakeFiles/mcu.elf.dir/user/usart.c.obj
 .debug_aranges
                0x00000128       0x40 CMakeFiles/mcu.elf.dir/stdlib/Src/misc.c.obj
 .debug_aranges
                0x00000168       0x58 CMakeFiles/mcu.elf.dir/stdlib/Src/stm32f10x_exti.c.obj
 .debug_aranges
                0x000001c0       0xa8 CMakeFiles/mcu.elf.dir/stdlib/Src/stm32f10x_gpio.c.obj
 .debug_aranges
                0x00000268      0x118 CMakeFiles/mcu.elf.dir/stdlib/Src/stm32f10x_rcc.c.obj
 .debug_aranges
                0x00000380      0x2f0 CMakeFiles/mcu.elf.dir/stdlib/Src/stm32f10x_tim.c.obj
 .debug_aranges
                0x00000670      0x100 CMakeFiles/mcu.elf.dir/stdlib/Src/stm32f10x_usart.c.obj
 .debug_aranges
                0x00000770       0x40 CMakeFiles/mcu.elf.dir/stdlib/Src/system_stm32f10x.c.obj

.debug_ranges   0x00000000      0x6f8
 .debug_ranges  0x00000000       0x20 CMakeFiles/mcu.elf.dir/system/startup/startup_stm32f103xe.s.obj
 .debug_ranges  0x00000020       0x68 CMakeFiles/mcu.elf.dir/main.c.obj
 .debug_ranges  0x00000088       0x20 CMakeFiles/mcu.elf.dir/user/delay.c.obj
 .debug_ranges  0x000000a8       0x10 CMakeFiles/mcu.elf.dir/user/led.c.obj
 .debug_ranges  0x000000b8       0x28 CMakeFiles/mcu.elf.dir/user/usart.c.obj
 .debug_ranges  0x000000e0       0x30 CMakeFiles/mcu.elf.dir/stdlib/Src/misc.c.obj
 .debug_ranges  0x00000110       0x48 CMakeFiles/mcu.elf.dir/stdlib/Src/stm32f10x_exti.c.obj
 .debug_ranges  0x00000158       0x98 CMakeFiles/mcu.elf.dir/stdlib/Src/stm32f10x_gpio.c.obj
 .debug_ranges  0x000001f0      0x108 CMakeFiles/mcu.elf.dir/stdlib/Src/stm32f10x_rcc.c.obj
 .debug_ranges  0x000002f8      0x2e0 CMakeFiles/mcu.elf.dir/stdlib/Src/stm32f10x_tim.c.obj
 .debug_ranges  0x000005d8       0xf0 CMakeFiles/mcu.elf.dir/stdlib/Src/stm32f10x_usart.c.obj
 .debug_ranges  0x000006c8       0x30 CMakeFiles/mcu.elf.dir/stdlib/Src/system_stm32f10x.c.obj

.debug_loc      0x00000000     0x33b3
 .debug_loc     0x00000000      0x151 CMakeFiles/mcu.elf.dir/main.c.obj
 .debug_loc     0x00000151       0x68 CMakeFiles/mcu.elf.dir/user/delay.c.obj
 .debug_loc     0x000001b9       0x60 CMakeFiles/mcu.elf.dir/user/usart.c.obj
 .debug_loc     0x00000219      0x160 CMakeFiles/mcu.elf.dir/stdlib/Src/misc.c.obj
 .debug_loc     0x00000379      0x164 CMakeFiles/mcu.elf.dir/stdlib/Src/stm32f10x_exti.c.obj
 .debug_loc     0x000004dd      0x542 CMakeFiles/mcu.elf.dir/stdlib/Src/stm32f10x_gpio.c.obj
 .debug_loc     0x00000a1f      0x692 CMakeFiles/mcu.elf.dir/stdlib/Src/stm32f10x_rcc.c.obj
 .debug_loc     0x000010b1     0x1aed CMakeFiles/mcu.elf.dir/stdlib/Src/stm32f10x_tim.c.obj
 .debug_loc     0x00002b9e      0x736 CMakeFiles/mcu.elf.dir/stdlib/Src/stm32f10x_usart.c.obj
 .debug_loc     0x000032d4       0xdf CMakeFiles/mcu.elf.dir/stdlib/Src/system_stm32f10x.c.obj

.debug_macro    0x00000000     0xfa3f
 .debug_macro   0x00000000      0x325 CMakeFiles/mcu.elf.dir/main.c.obj
 .debug_macro   0x00000325      0x892 CMakeFiles/mcu.elf.dir/main.c.obj
 .debug_macro   0x00000bb7       0x50 CMakeFiles/mcu.elf.dir/main.c.obj
 .debug_macro   0x00000c07      0x34e CMakeFiles/mcu.elf.dir/main.c.obj
 .debug_macro   0x00000f55       0x34 CMakeFiles/mcu.elf.dir/main.c.obj
 .debug_macro   0x00000f89       0x34 CMakeFiles/mcu.elf.dir/main.c.obj
 .debug_macro   0x00000fbd      0xb8e CMakeFiles/mcu.elf.dir/main.c.obj
 .debug_macro   0x00001b4b     0x7e6d CMakeFiles/mcu.elf.dir/main.c.obj
 .debug_macro   0x000099b8      0x2e4 CMakeFiles/mcu.elf.dir/main.c.obj
 .debug_macro   0x00009c9c      0x149 CMakeFiles/mcu.elf.dir/main.c.obj
 .debug_macro   0x00009de5      0x3cf CMakeFiles/mcu.elf.dir/main.c.obj
 .debug_macro   0x0000a1b4       0xc8 CMakeFiles/mcu.elf.dir/main.c.obj
 .debug_macro   0x0000a27c      0x17b CMakeFiles/mcu.elf.dir/main.c.obj
 .debug_macro   0x0000a3f7       0xac CMakeFiles/mcu.elf.dir/main.c.obj
 .debug_macro   0x0000a4a3      0x3b0 CMakeFiles/mcu.elf.dir/main.c.obj
 .debug_macro   0x0000a853       0x9d CMakeFiles/mcu.elf.dir/main.c.obj
 .debug_macro   0x0000a8f0      0x2d4 CMakeFiles/mcu.elf.dir/main.c.obj
 .debug_macro   0x0000abc4      0x279 CMakeFiles/mcu.elf.dir/main.c.obj
 .debug_macro   0x0000ae3d      0x2ad CMakeFiles/mcu.elf.dir/main.c.obj
 .debug_macro   0x0000b0ea      0x2b4 CMakeFiles/mcu.elf.dir/main.c.obj
 .debug_macro   0x0000b39e       0x64 CMakeFiles/mcu.elf.dir/main.c.obj
 .debug_macro   0x0000b402       0x82 CMakeFiles/mcu.elf.dir/main.c.obj
 .debug_macro   0x0000b484      0x3e2 CMakeFiles/mcu.elf.dir/main.c.obj
 .debug_macro   0x0000b866       0x58 CMakeFiles/mcu.elf.dir/main.c.obj
 .debug_macro   0x0000b8be      0x344 CMakeFiles/mcu.elf.dir/main.c.obj
 .debug_macro   0x0000bc02      0x2c4 CMakeFiles/mcu.elf.dir/main.c.obj
 .debug_macro   0x0000bec6      0x711 CMakeFiles/mcu.elf.dir/main.c.obj
 .debug_macro   0x0000c5d7      0x222 CMakeFiles/mcu.elf.dir/main.c.obj
 .debug_macro   0x0000c7f9       0x34 CMakeFiles/mcu.elf.dir/main.c.obj
 .debug_macro   0x0000c82d       0x8c CMakeFiles/mcu.elf.dir/main.c.obj
 .debug_macro   0x0000c8b9       0x35 CMakeFiles/mcu.elf.dir/main.c.obj
 .debug_macro   0x0000c8ee       0xc4 CMakeFiles/mcu.elf.dir/main.c.obj
 .debug_macro   0x0000c9b2       0x16 CMakeFiles/mcu.elf.dir/main.c.obj
 .debug_macro   0x0000c9c8       0x10 CMakeFiles/mcu.elf.dir/main.c.obj
 .debug_macro   0x0000c9d8       0x3a CMakeFiles/mcu.elf.dir/main.c.obj
 .debug_macro   0x0000ca12       0x22 CMakeFiles/mcu.elf.dir/main.c.obj
 .debug_macro   0x0000ca34       0x4c CMakeFiles/mcu.elf.dir/main.c.obj
 .debug_macro   0x0000ca80       0x8d CMakeFiles/mcu.elf.dir/main.c.obj
 .debug_macro   0x0000cb0d       0x35 CMakeFiles/mcu.elf.dir/main.c.obj
 .debug_macro   0x0000cb42       0x9c CMakeFiles/mcu.elf.dir/main.c.obj
 .debug_macro   0x0000cbde       0x16 CMakeFiles/mcu.elf.dir/main.c.obj
 .debug_macro   0x0000cbf4       0x4a CMakeFiles/mcu.elf.dir/main.c.obj
 .debug_macro   0x0000cc3e       0x97 CMakeFiles/mcu.elf.dir/main.c.obj
 .debug_macro   0x0000ccd5      0x30d CMakeFiles/mcu.elf.dir/main.c.obj
 .debug_macro   0x0000cfe2       0xfd CMakeFiles/mcu.elf.dir/main.c.obj
 .debug_macro   0x0000d0df       0x10 CMakeFiles/mcu.elf.dir/main.c.obj
 .debug_macro   0x0000d0ef       0x52 CMakeFiles/mcu.elf.dir/main.c.obj
 .debug_macro   0x0000d141       0x1f CMakeFiles/mcu.elf.dir/main.c.obj
 .debug_macro   0x0000d160       0x43 CMakeFiles/mcu.elf.dir/main.c.obj
 .debug_macro   0x0000d1a3       0x20 CMakeFiles/mcu.elf.dir/main.c.obj
 .debug_macro   0x0000d1c3      0x187 CMakeFiles/mcu.elf.dir/main.c.obj
 .debug_macro   0x0000d34a       0x10 CMakeFiles/mcu.elf.dir/main.c.obj
 .debug_macro   0x0000d35a       0x5e CMakeFiles/mcu.elf.dir/main.c.obj
 .debug_macro   0x0000d3b8       0x1c CMakeFiles/mcu.elf.dir/main.c.obj
 .debug_macro   0x0000d3d4       0x52 CMakeFiles/mcu.elf.dir/main.c.obj
 .debug_macro   0x0000d426       0x40 CMakeFiles/mcu.elf.dir/main.c.obj
 .debug_macro   0x0000d466       0x10 CMakeFiles/mcu.elf.dir/main.c.obj
 .debug_macro   0x0000d476       0x40 CMakeFiles/mcu.elf.dir/main.c.obj
 .debug_macro   0x0000d4b6       0xd7 CMakeFiles/mcu.elf.dir/main.c.obj
 .debug_macro   0x0000d58d       0x16 CMakeFiles/mcu.elf.dir/main.c.obj
 .debug_macro   0x0000d5a3      0x18b CMakeFiles/mcu.elf.dir/main.c.obj
 .debug_macro   0x0000d72e       0x10 CMakeFiles/mcu.elf.dir/main.c.obj
 .debug_macro   0x0000d73e      0x17a CMakeFiles/mcu.elf.dir/user/delay.c.obj
 .debug_macro   0x0000d8b8      0x17f CMakeFiles/mcu.elf.dir/user/led.c.obj
 .debug_macro   0x0000da37       0x10 CMakeFiles/mcu.elf.dir/user/led.c.obj
 .debug_macro   0x0000da47      0x2ec CMakeFiles/mcu.elf.dir/user/usart.c.obj
 .debug_macro   0x0000dd33      0x171 CMakeFiles/mcu.elf.dir/stdlib/Src/misc.c.obj
 .debug_macro   0x0000dea4       0x86 CMakeFiles/mcu.elf.dir/stdlib/Src/misc.c.obj
 .debug_macro   0x0000df2a      0x171 CMakeFiles/mcu.elf.dir/stdlib/Src/stm32f10x_exti.c.obj
 .debug_macro   0x0000e09b       0x97 CMakeFiles/mcu.elf.dir/stdlib/Src/stm32f10x_exti.c.obj
 .debug_macro   0x0000e132      0x1c1 CMakeFiles/mcu.elf.dir/stdlib/Src/stm32f10x_gpio.c.obj
 .debug_macro   0x0000e2f3      0x2a7 CMakeFiles/mcu.elf.dir/stdlib/Src/stm32f10x_gpio.c.obj
 .debug_macro   0x0000e59a      0x28a CMakeFiles/mcu.elf.dir/stdlib/Src/stm32f10x_rcc.c.obj
 .debug_macro   0x0000e824      0x3dc CMakeFiles/mcu.elf.dir/stdlib/Src/stm32f10x_rcc.c.obj
 .debug_macro   0x0000ec00      0x187 CMakeFiles/mcu.elf.dir/stdlib/Src/stm32f10x_tim.c.obj
 .debug_macro   0x0000ed87      0x70b CMakeFiles/mcu.elf.dir/stdlib/Src/stm32f10x_tim.c.obj
 .debug_macro   0x0000f492      0x223 CMakeFiles/mcu.elf.dir/stdlib/Src/stm32f10x_usart.c.obj
 .debug_macro   0x0000f6b5      0x21c CMakeFiles/mcu.elf.dir/stdlib/Src/stm32f10x_usart.c.obj
 .debug_macro   0x0000f8d1      0x16e CMakeFiles/mcu.elf.dir/stdlib/Src/system_stm32f10x.c.obj

.debug_str      0x00000000    0x55abd
 .debug_str     0x00000000    0x53151 CMakeFiles/mcu.elf.dir/main.c.obj
                              0x533a2 (size before relaxing)
 .debug_str     0x00053151       0x8c CMakeFiles/mcu.elf.dir/user/delay.c.obj
                              0x4e81d (size before relaxing)
 .debug_str     0x000531dd       0x36 CMakeFiles/mcu.elf.dir/user/led.c.obj
                              0x4e92e (size before relaxing)
 .debug_str     0x00053213      0x42d CMakeFiles/mcu.elf.dir/user/usart.c.obj
                              0x5325a (size before relaxing)
 .debug_str     0x00053640      0x180 CMakeFiles/mcu.elf.dir/stdlib/Src/misc.c.obj
                              0x4e58b (size before relaxing)
 .debug_str     0x000537c0      0x108 CMakeFiles/mcu.elf.dir/stdlib/Src/stm32f10x_exti.c.obj
                              0x4e518 (size before relaxing)
 .debug_str     0x000538c8      0x475 CMakeFiles/mcu.elf.dir/stdlib/Src/stm32f10x_gpio.c.obj
                              0x4e909 (size before relaxing)
 .debug_str     0x00053d3d      0xb25 CMakeFiles/mcu.elf.dir/stdlib/Src/stm32f10x_rcc.c.obj
                              0x4eed8 (size before relaxing)
 .debug_str     0x00054862      0xa8c CMakeFiles/mcu.elf.dir/stdlib/Src/stm32f10x_tim.c.obj
                              0x4f024 (size before relaxing)
 .debug_str     0x000552ee      0x703 CMakeFiles/mcu.elf.dir/stdlib/Src/stm32f10x_usart.c.obj
                              0x4ec42 (size before relaxing)
 .debug_str     0x000559f1       0xcc CMakeFiles/mcu.elf.dir/stdlib/Src/system_stm32f10x.c.obj
                              0x4e4bd (size before relaxing)

.comment        0x00000000       0x6e
 .comment       0x00000000       0x6e CMakeFiles/mcu.elf.dir/main.c.obj
                                 0x6f (size before relaxing)
 .comment       0x0000006e       0x6f CMakeFiles/mcu.elf.dir/user/delay.c.obj
 .comment       0x0000006e       0x6f CMakeFiles/mcu.elf.dir/user/led.c.obj
 .comment       0x0000006e       0x6f CMakeFiles/mcu.elf.dir/user/usart.c.obj
 .comment       0x0000006e       0x6f CMakeFiles/mcu.elf.dir/stdlib/Src/misc.c.obj
 .comment       0x0000006e       0x6f CMakeFiles/mcu.elf.dir/stdlib/Src/stm32f10x_exti.c.obj
 .comment       0x0000006e       0x6f CMakeFiles/mcu.elf.dir/stdlib/Src/stm32f10x_gpio.c.obj
 .comment       0x0000006e       0x6f CMakeFiles/mcu.elf.dir/stdlib/Src/stm32f10x_rcc.c.obj
 .comment       0x0000006e       0x6f CMakeFiles/mcu.elf.dir/stdlib/Src/stm32f10x_tim.c.obj
 .comment       0x0000006e       0x6f CMakeFiles/mcu.elf.dir/stdlib/Src/stm32f10x_usart.c.obj
 .comment       0x0000006e       0x6f CMakeFiles/mcu.elf.dir/stdlib/Src/system_stm32f10x.c.obj

.debug_frame    0x00000000     0x1050
 .debug_frame   0x00000000      0x14c CMakeFiles/mcu.elf.dir/main.c.obj
 .debug_frame   0x0000014c       0x48 CMakeFiles/mcu.elf.dir/user/delay.c.obj
 .debug_frame   0x00000194       0x30 CMakeFiles/mcu.elf.dir/user/led.c.obj
 .debug_frame   0x000001c4       0x6c CMakeFiles/mcu.elf.dir/user/usart.c.obj
 .debug_frame   0x00000230       0x60 CMakeFiles/mcu.elf.dir/stdlib/Src/misc.c.obj
 .debug_frame   0x00000290       0xa4 CMakeFiles/mcu.elf.dir/stdlib/Src/stm32f10x_exti.c.obj
 .debug_frame   0x00000334      0x16c CMakeFiles/mcu.elf.dir/stdlib/Src/stm32f10x_gpio.c.obj
 .debug_frame   0x000004a0      0x228 CMakeFiles/mcu.elf.dir/stdlib/Src/stm32f10x_rcc.c.obj
 .debug_frame   0x000006c8      0x6c4 CMakeFiles/mcu.elf.dir/stdlib/Src/stm32f10x_tim.c.obj
 .debug_frame   0x00000d8c      0x220 CMakeFiles/mcu.elf.dir/stdlib/Src/stm32f10x_usart.c.obj
 .debug_frame   0x00000fac       0x78 CMakeFiles/mcu.elf.dir/stdlib/Src/system_stm32f10x.c.obj
 .debug_frame   0x00001024       0x2c /home/sunqi/program/gcc-arm-none-eabi-5_4-2016q3/bin/../lib/gcc/arm-none-eabi/5.4.1/../../../../arm-none-eabi/lib/armv7-m/libg_nano.a(lib_a-init.o)

.stabstr        0x00000000      0x14d
 .stabstr       0x00000000      0x14d /home/sunqi/program/gcc-arm-none-eabi-5_4-2016q3/bin/../lib/gcc/arm-none-eabi/5.4.1/../../../../arm-none-eabi/lib/armv7-m/libnosys.a(close.o)
