Archive member included to satisfy reference by file (symbol)

/home/sunqi/program/gcc-arm-none-eabi-5_4-2016q3/bin/../lib/gcc/arm-none-eabi/5.4.1/armv7-m/libgcc.a(_arm_addsubdf3.o)
                              CMakeFiles/mcu.elf.dir/user/lcd.c.obj (__aeabi_i2d)
/home/sunqi/program/gcc-arm-none-eabi-5_4-2016q3/bin/../lib/gcc/arm-none-eabi/5.4.1/armv7-m/libgcc.a(_arm_muldivdf3.o)
                              CMakeFiles/mcu.elf.dir/user/lcd.c.obj (__aeabi_dmul)
/home/sunqi/program/gcc-arm-none-eabi-5_4-2016q3/bin/../lib/gcc/arm-none-eabi/5.4.1/armv7-m/libgcc.a(_arm_fixunsdfsi.o)
                              CMakeFiles/mcu.elf.dir/user/lcd.c.obj (__aeabi_d2uiz)
/home/sunqi/program/gcc-arm-none-eabi-5_4-2016q3/bin/../lib/gcc/arm-none-eabi/5.4.1/../../../../arm-none-eabi/lib/armv7-m/libg_nano.a(lib_a-init.o)
                              CMakeFiles/mcu.elf.dir/system/startup/startup_stm32f103xe.s.obj (__libc_init_array)
/home/sunqi/program/gcc-arm-none-eabi-5_4-2016q3/bin/../lib/gcc/arm-none-eabi/5.4.1/../../../../arm-none-eabi/lib/armv7-m/libg_nano.a(lib_a-printf.o)
                              CMakeFiles/mcu.elf.dir/main.c.obj (printf)
/home/sunqi/program/gcc-arm-none-eabi-5_4-2016q3/bin/../lib/gcc/arm-none-eabi/5.4.1/../../../../arm-none-eabi/lib/armv7-m/libg_nano.a(lib_a-sprintf.o)
                              CMakeFiles/mcu.elf.dir/main.c.obj (sprintf)
/home/sunqi/program/gcc-arm-none-eabi-5_4-2016q3/bin/../lib/gcc/arm-none-eabi/5.4.1/../../../../arm-none-eabi/lib/armv7-m/libg_nano.a(lib_a-findfp.o)
                              /home/sunqi/program/gcc-arm-none-eabi-5_4-2016q3/bin/../lib/gcc/arm-none-eabi/5.4.1/../../../../arm-none-eabi/lib/armv7-m/libg_nano.a(lib_a-printf.o) (__sinit)
/home/sunqi/program/gcc-arm-none-eabi-5_4-2016q3/bin/../lib/gcc/arm-none-eabi/5.4.1/../../../../arm-none-eabi/lib/armv7-m/libg_nano.a(lib_a-fwalk.o)
                              /home/sunqi/program/gcc-arm-none-eabi-5_4-2016q3/bin/../lib/gcc/arm-none-eabi/5.4.1/../../../../arm-none-eabi/lib/armv7-m/libg_nano.a(lib_a-findfp.o) (_fwalk)
/home/sunqi/program/gcc-arm-none-eabi-5_4-2016q3/bin/../lib/gcc/arm-none-eabi/5.4.1/../../../../arm-none-eabi/lib/armv7-m/libg_nano.a(lib_a-impure.o)
                              /home/sunqi/program/gcc-arm-none-eabi-5_4-2016q3/bin/../lib/gcc/arm-none-eabi/5.4.1/../../../../arm-none-eabi/lib/armv7-m/libg_nano.a(lib_a-findfp.o) (_global_impure_ptr)
/home/sunqi/program/gcc-arm-none-eabi-5_4-2016q3/bin/../lib/gcc/arm-none-eabi/5.4.1/../../../../arm-none-eabi/lib/armv7-m/libg_nano.a(lib_a-memset.o)
                              /home/sunqi/program/gcc-arm-none-eabi-5_4-2016q3/bin/../lib/gcc/arm-none-eabi/5.4.1/../../../../arm-none-eabi/lib/armv7-m/libg_nano.a(lib_a-findfp.o) (memset)
/home/sunqi/program/gcc-arm-none-eabi-5_4-2016q3/bin/../lib/gcc/arm-none-eabi/5.4.1/../../../../arm-none-eabi/lib/armv7-m/libg_nano.a(lib_a-nano-mallocr.o)
                              /home/sunqi/program/gcc-arm-none-eabi-5_4-2016q3/bin/../lib/gcc/arm-none-eabi/5.4.1/../../../../arm-none-eabi/lib/armv7-m/libg_nano.a(lib_a-findfp.o) (_malloc_r)
/home/sunqi/program/gcc-arm-none-eabi-5_4-2016q3/bin/../lib/gcc/arm-none-eabi/5.4.1/../../../../arm-none-eabi/lib/armv7-m/libg_nano.a(lib_a-nano-svfprintf.o)
                              /home/sunqi/program/gcc-arm-none-eabi-5_4-2016q3/bin/../lib/gcc/arm-none-eabi/5.4.1/../../../../arm-none-eabi/lib/armv7-m/libg_nano.a(lib_a-sprintf.o) (_svfprintf_r)
/home/sunqi/program/gcc-arm-none-eabi-5_4-2016q3/bin/../lib/gcc/arm-none-eabi/5.4.1/../../../../arm-none-eabi/lib/armv7-m/libg_nano.a(lib_a-nano-vfprintf.o)
                              /home/sunqi/program/gcc-arm-none-eabi-5_4-2016q3/bin/../lib/gcc/arm-none-eabi/5.4.1/../../../../arm-none-eabi/lib/armv7-m/libg_nano.a(lib_a-printf.o) (_vfprintf_r)
/home/sunqi/program/gcc-arm-none-eabi-5_4-2016q3/bin/../lib/gcc/arm-none-eabi/5.4.1/../../../../arm-none-eabi/lib/armv7-m/libg_nano.a(lib_a-nano-vfprintf_i.o)
                              /home/sunqi/program/gcc-arm-none-eabi-5_4-2016q3/bin/../lib/gcc/arm-none-eabi/5.4.1/../../../../arm-none-eabi/lib/armv7-m/libg_nano.a(lib_a-nano-svfprintf.o) (_printf_i)
/home/sunqi/program/gcc-arm-none-eabi-5_4-2016q3/bin/../lib/gcc/arm-none-eabi/5.4.1/../../../../arm-none-eabi/lib/armv7-m/libg_nano.a(lib_a-sbrkr.o)
                              /home/sunqi/program/gcc-arm-none-eabi-5_4-2016q3/bin/../lib/gcc/arm-none-eabi/5.4.1/../../../../arm-none-eabi/lib/armv7-m/libg_nano.a(lib_a-nano-mallocr.o) (_sbrk_r)
/home/sunqi/program/gcc-arm-none-eabi-5_4-2016q3/bin/../lib/gcc/arm-none-eabi/5.4.1/../../../../arm-none-eabi/lib/armv7-m/libg_nano.a(lib_a-stdio.o)
                              /home/sunqi/program/gcc-arm-none-eabi-5_4-2016q3/bin/../lib/gcc/arm-none-eabi/5.4.1/../../../../arm-none-eabi/lib/armv7-m/libg_nano.a(lib_a-findfp.o) (__sread)
/home/sunqi/program/gcc-arm-none-eabi-5_4-2016q3/bin/../lib/gcc/arm-none-eabi/5.4.1/../../../../arm-none-eabi/lib/armv7-m/libg_nano.a(lib_a-wbuf.o)
[...]
Memory Configuration

Name             Origin             Length             Attributes
FLASH            0x08000000         0x00080000         xr
RAM              0x20000000         0x00010000         xrw
*default*        0x00000000         0xffffffff

Linker script and memory map

LOAD CMakeFiles/mcu.elf.dir/system/startup/startup_stm32f103xe.s.obj
LOAD CMakeFiles/mcu.elf.dir/main.c.obj
LOAD CMakeFiles/mcu.elf.dir/user/adc.c.obj
LOAD CMakeFiles/mcu.elf.dir/user/beep.c.obj
LOAD CMakeFiles/mcu.elf.dir/user/delay.c.obj
LOAD CMakeFiles/mcu.elf.dir/user/key.c.obj
LOAD CMakeFiles/mcu.elf.dir/user/lcd.c.obj
LOAD CMakeFiles/mcu.elf.dir/user/led.c.obj
LOAD CMakeFiles/mcu.elf.dir/user/sram.c.obj
LOAD CMakeFiles/mcu.elf.dir/user/sys.c.obj
LOAD CMakeFiles/mcu.elf.dir/user/usart.c.obj
LOAD CMakeFiles/mcu.elf.dir/user/wdg.c.obj
LOAD CMakeFiles/mcu.elf.dir/stdlib/Src/misc.c.obj
LOAD CMakeFiles/mcu.elf.dir/stdlib/Src/stm32f10x_adc.c.obj
LOAD CMakeFiles/mcu.elf.dir/stdlib/Src/stm32f10x_bkp.c.obj
LOAD CMakeFiles/mcu.elf.dir/stdlib/Src/stm32f10x_can.c.obj
LOAD CMakeFiles/mcu.elf.dir/stdlib/Src/stm32f10x_cec.c.obj
LOAD CMakeFiles/mcu.elf.dir/stdlib/Src/stm32f10x_crc.c.obj
LOAD CMakeFiles/mcu.elf.dir/stdlib/Src/stm32f10x_dac.c.obj
LOAD CMakeFiles/mcu.elf.dir/stdlib/Src/stm32f10x_dbgmcu.c.obj
LOAD CMakeFiles/mcu.elf.dir/stdlib/Src/stm32f10x_dma.c.obj
LOAD CMakeFiles/mcu.elf.dir/stdlib/Src/stm32f10x_exti.c.obj
LOAD CMakeFiles/mcu.elf.dir/stdlib/Src/stm32f10x_flash.c.obj
LOAD CMakeFiles/mcu.elf.dir/stdlib/Src/stm32f10x_fsmc.c.obj
LOAD CMakeFiles/mcu.elf.dir/stdlib/Src/stm32f10x_gpio.c.obj
LOAD CMakeFiles/mcu.elf.dir/stdlib/Src/stm32f10x_i2c.c.obj
LOAD CMakeFiles/mcu.elf.dir/stdlib/Src/stm32f10x_iwdg.c.obj
LOAD CMakeFiles/mcu.elf.dir/stdlib/Src/stm32f10x_pwr.c.obj
LOAD CMakeFiles/mcu.elf.dir/stdlib/Src/stm32f10x_rcc.c.obj
LOAD CMakeFiles/mcu.elf.dir/stdlib/Src/stm32f10x_rtc.c.obj
LOAD CMakeFiles/mcu.elf.dir/stdlib/Src/stm32f10x_sdio.c.obj
LOAD CMakeFiles/mcu.elf.dir/stdlib/Src/stm32f10x_spi.c.obj
LOAD CMakeFiles/mcu.elf.dir/stdlib/Src/stm32f10x_tim.c.obj
LOAD CMakeFiles/mcu.elf.dir/stdlib/Src/stm32f10x_usart.c.obj
LOAD CMakeFiles/mcu.elf.dir/stdlib/Src/stm32f10x_wwdg.c.obj
LOAD CMakeFiles/mcu.elf.dir/stdlib/Src/system_stm32f10x.c.obj
START GROUP
LOAD /home/sunqi/program/gcc-arm-none-eabi-5_4-2016q3/bin/../lib/gcc/arm-none-eabi/5.4.1/armv7-m/libgcc.a
LOAD /home/sunqi/program/gcc-arm-none-eabi-5_4-2016q3/bin/../lib/gcc/arm-none-eabi/5.4.1/../../../../arm-none-eabi/lib/armv7-m/libg_nano.a
LOAD /home/sunqi/program/gcc-arm-none-eabi-5_4-2016q3/bin/../lib/gcc/arm-none-eabi/5.4.1/../../../../arm-none-eabi/lib/armv7-m/libc_nano.a
END GROUP
START GROUP
LOAD /home/sunqi/program/gcc-arm-none-eabi-5_4-2016q3/bin/../lib/gcc/arm-none-eabi/5.4.1/armv7-m/libgcc.a
LOAD /home/sunqi/program/gcc-arm-none-eabi-5_4-2016q3/bin/../lib/gcc/arm-none-eabi/5.4.1/../../../../arm-none-eabi/lib/armv7-m/libc_nano.a
LOAD /home/sunqi/program/gcc-arm-none-eabi-5_4-2016q3/bin/../lib/gcc/arm-none-eabi/5.4.1/../../../../arm-none-eabi/lib/armv7-m/libnosys.a
END GROUP
START GROUP
LOAD /home/sunqi/program/gcc-arm-none-eabi-5_4-2016q3/bin/../lib/gcc/arm-none-eabi/5.4.1/armv7-m/libgcc.a
LOAD /home/sunqi/program/gcc-arm-none-eabi-5_4-2016q3/bin/../lib/gcc/arm-none-eabi/5.4.1/../../../../arm-none-eabi/lib/armv7-m/libc_nano.a
LOAD /home/sunqi/program/gcc-arm-none-eabi-5_4-2016q3/bin/../lib/gcc/arm-none-eabi/5.4.1/../../../../arm-none-eabi/lib/armv7-m/libnosys.a
END GROUP
                0x2000ffff                _estack = 0x2000ffff
                0x00000200                _Min_Heap_Size = 0x200
                0x00000400                _Min_Stack_Size = 0x400

.isr_vector     0x08000000      0x1e4
                0x08000000                . = ALIGN (0x4)
 *(.isr_vector)
 .isr_vector    0x08000000      0x1e4 CMakeFiles/mcu.elf.dir/system/startup/startup_stm32f103xe.s.obj
                0x08000000                g_pfnVectors
                0x080001e4                . = ALIGN (0x4)

.text           0x080001e8     0x6420
                0x080001e8                . = ALIGN (0x4)
 *(.text)
 .text          0x080001e8      0x370 /home/sunqi/program/gcc-arm-none-eabi-5_4-2016q3/bin/../lib/gcc/arm-none-eabi/5.4.1/armv7-m/libgcc.a(_arm_addsubdf3.o)
                0x080001e8                __aeabi_drsub
                0x080001f0                __aeabi_dsub
                0x080001f0                __subdf3
                0x080001f4                __adddf3
                0x080001f4                __aeabi_dadd
                0x0800046c                __aeabi_ui2d
                0x0800046c                __floatunsidf
                0x0800048c                __floatsidf
                0x0800048c                __aeabi_i2d
                0x080004b0                __extendsfdf2
                0x080004b0                __aeabi_f2d
                0x080004ec                __aeabi_ul2d
                0x080004ec                __floatundidf
                0x080004fc                __floatdidf
                0x080004fc                __aeabi_l2d
 .text          0x08000558      0x424 /home/sunqi/program/gcc-arm-none-eabi-5_4-2016q3/bin/../lib/gcc/arm-none-eabi/5.4.1/armv7-m/libgcc.a(_arm_muldivdf3.o)
                0x08000558                __aeabi_dmul
                0x08000558                __muldf3
                0x080007ac                __aeabi_ddiv
                0x080007ac                __divdf3
 .text          0x0800097c       0x40 /home/sunqi/program/gcc-arm-none-eabi-5_4-2016q3/bin/../lib/gcc/arm-none-eabi/5.4.1/armv7-m/libgcc.a(_arm_fixunsdfsi.o)
                0x0800097c                __fixunsdfsi
                0x0800097c                __aeabi_d2uiz
 *(.text*)
 .text.Reset_Handler
                0x080009bc       0x48 CMakeFiles/mcu.elf.dir/system/startup/startup_stm32f103xe.s.obj
                0x080009bc                Reset_Handler
 .text.Default_Handler
                0x08000a04        0x2 CMakeFiles/mcu.elf.dir/system/startup/startup_stm32f103xe.s.obj
                0x08000a04                RTC_Alarm_IRQHandler
                0x08000a04                TIM8_TRG_COM_IRQHandler
                0x08000a04                TIM8_CC_IRQHandler
                0x08000a04                DebugMon_Handler
                0x08000a04                TIM1_CC_IRQHandler
                0x08000a04                HardFault_Handler
                0x08000a04                TIM6_IRQHandler
                0x08000a04                SysTick_Handler
                0x08000a04                PVD_IRQHandler
                0x08000a04                SDIO_IRQHandler
                0x08000a04                PendSV_Handler
                0x08000a04                NMI_Handler
                0x08000a04                EXTI3_IRQHandler
                0x08000a04                EXTI0_IRQHandler
                0x08000a04                I2C2_EV_IRQHandler
                0x08000a04                UsageFault_Handler
                0x08000a04                ADC1_2_IRQHandler
                0x08000a04                SPI1_IRQHandler
                0x08000a04                TAMPER_IRQHandler
                0x08000a04                TIM8_UP_IRQHandler
                0x08000a04                DMA2_Channel2_IRQHandler
                0x08000a04                DMA1_Channel4_IRQHandler
                0x08000a04                USART3_IRQHandler
                0x08000a04                RTC_IRQHandler
                0x08000a04                DMA1_Channel7_IRQHandler
                0x08000a04                CAN1_RX1_IRQHandler
                0x08000a04                UART5_IRQHandler
                0x08000a04                ADC3_IRQHandler
                0x08000a04                TIM4_IRQHandler
                0x08000a04                DMA2_Channel1_IRQHandler
                0x08000a04                I2C1_EV_IRQHandler
                0x08000a04                DMA1_Channel6_IRQHandler
                0x08000a04                UART4_IRQHandler
                0x08000a04                RCC_IRQHandler
                0x08000a04                TIM1_TRG_COM_IRQHandler
                0x08000a04                DMA1_Channel1_IRQHandler
                0x08000a04                Default_Handler
                0x08000a04                EXTI15_10_IRQHandler
                0x08000a04                TIM7_IRQHandler
                0x08000a04                TIM5_IRQHandler
                0x08000a04                EXTI9_5_IRQHandler
                0x08000a04                SPI2_IRQHandler
                0x08000a04                MemManage_Handler
                0x08000a04                SVC_Handler
                0x08000a04                DMA1_Channel5_IRQHandler
                0x08000a04                EXTI4_IRQHandler
                0x08000a04                USB_LP_CAN1_RX0_IRQHandler
                0x08000a04                USB_HP_CAN1_TX_IRQHandler
                0x08000a04                DMA1_Channel3_IRQHandler
                0x08000a04                FSMC_IRQHandler
                0x08000a04                TIM1_UP_IRQHandler
                0x08000a04                WWDG_IRQHandler
                0x08000a04                TIM2_IRQHandler
                0x08000a04                TIM1_BRK_IRQHandler
                0x08000a04                EXTI1_IRQHandler
                0x08000a04                DMA2_Channel4_5_IRQHandler
                0x08000a04                USART2_IRQHandler
                0x08000a04                I2C2_ER_IRQHandler
                0x08000a04                DMA1_Channel2_IRQHandler
                0x08000a04                TIM8_BRK_IRQHandler
                0x08000a04                CAN1_SCE_IRQHandler
                0x08000a04                FLASH_IRQHandler
                0x08000a04                BusFault_Handler
                0x08000a04                SPI3_IRQHandler
                0x08000a04                I2C1_ER_IRQHandler
                0x08000a04                USBWakeUp_IRQHandler
                0x08000a04                DMA2_Channel3_IRQHandler
 *fill*         0x08000a06        0x2 
 .text.EXTI2_IRQHandler
                0x08000a08       0x30 CMakeFiles/mcu.elf.dir/main.c.obj
                0x08000a08                EXTI2_IRQHandler
 .text.TIM3_IRQHandler
                0x08000a38       0x2c CMakeFiles/mcu.elf.dir/main.c.obj
                0x08000a38                TIM3_IRQHandler
 .text.test_lcd
                0x08000a64      0x160 CMakeFiles/mcu.elf.dir/main.c.obj
                0x08000a64                test_lcd
 .text.main     0x08000bc4        0x8 CMakeFiles/mcu.elf.dir/main.c.obj
                0x08000bc4                main
 .text.delay_init
                0x08000bcc       0x3c CMakeFiles/mcu.elf.dir/user/delay.c.obj
                0x08000bcc                delay_init
 .text.delay_us
                0x08000c08       0x3c CMakeFiles/mcu.elf.dir/user/delay.c.obj
                0x08000c08                delay_us
 .text.delay_ms
                0x08000c44       0x3c CMakeFiles/mcu.elf.dir/user/delay.c.obj
                0x08000c44                delay_ms
 .text.LCD_WR_REG
                0x08000c80        0xc CMakeFiles/mcu.elf.dir/user/lcd.c.obj
                0x08000c80                LCD_WR_REG
 .text.LCD_WR_DATA
                0x08000c8c        0xc CMakeFiles/mcu.elf.dir/user/lcd.c.obj
                0x08000c8c                LCD_WR_DATA
 .text.LCD_RD_DATA
                0x08000c98       0x1c CMakeFiles/mcu.elf.dir/user/lcd.c.obj
                0x08000c98                LCD_RD_DATA
 .text.LCD_WriteReg
                0x08000cb4        0xc CMakeFiles/mcu.elf.dir/user/lcd.c.obj
                0x08000cb4                LCD_WriteReg
 .text.LCD_ReadReg
                0x08000cc0       0x14 CMakeFiles/mcu.elf.dir/user/lcd.c.obj
                0x08000cc0                LCD_ReadReg
 .text.LCD_WriteRAM_Prepare
                0x08000cd4       0x14 CMakeFiles/mcu.elf.dir/user/lcd.c.obj
                0x08000cd4                LCD_WriteRAM_Prepare
 .text.LCD_SetCursor
                0x08000ce8      0x188 CMakeFiles/mcu.elf.dir/user/lcd.c.obj
                0x08000ce8                LCD_SetCursor
 .text.LCD_Scan_Dir
                0x08000e70      0x258 CMakeFiles/mcu.elf.dir/user/lcd.c.obj
                0x08000e70                LCD_Scan_Dir
 .text.LCD_Fast_DrawPoint
                0x080010c8      0x170 CMakeFiles/mcu.elf.dir/user/lcd.c.obj
                0x080010c8                LCD_Fast_DrawPoint
 .text.LCD_SSD_BackLightSet
                0x08001238       0x50 CMakeFiles/mcu.elf.dir/user/lcd.c.obj
                0x08001238                LCD_SSD_BackLightSet
 .text.LCD_Display_Dir
                0x08001288      0x194 CMakeFiles/mcu.elf.dir/user/lcd.c.obj
                0x08001288                LCD_Display_Dir
 .text.LCD_Clear
                0x0800141c       0x6c CMakeFiles/mcu.elf.dir/user/lcd.c.obj
                0x0800141c                LCD_Clear
 .text.LCD_Init
                0x08001488     0x3658 CMakeFiles/mcu.elf.dir/user/lcd.c.obj
                0x08001488                LCD_Init
 .text.LCD_ShowChar
                0x08004ae0       0xf8 CMakeFiles/mcu.elf.dir/user/lcd.c.obj
                0x08004ae0                LCD_ShowChar
 .text.LCD_ShowString
                0x08004bd8       0x58 CMakeFiles/mcu.elf.dir/user/lcd.c.obj
                0x08004bd8                LCD_ShowString
 .text.LED_Init
                0x08004c30       0x50 CMakeFiles/mcu.elf.dir/user/led.c.obj
                0x08004c30                LED_Init
 .text.uart_init
                0x08004c80       0xa4 CMakeFiles/mcu.elf.dir/user/usart.c.obj
                0x08004c80                uart_init
 .text.USART1_IRQHandler
                0x08004d24       0x7c CMakeFiles/mcu.elf.dir/user/usart.c.obj
                0x08004d24                USART1_IRQHandler
 .text.NVIC_PriorityGroupConfig
                0x08004da0       0x14 CMakeFiles/mcu.elf.dir/stdlib/Src/misc.c.obj
                0x08004da0                NVIC_PriorityGroupConfig
 .text.NVIC_Init
                0x08004db4       0x64 CMakeFiles/mcu.elf.dir/stdlib/Src/misc.c.obj
                0x08004db4                NVIC_Init
 .text.SysTick_CLKSourceConfig
                0x08004e18       0x20 CMakeFiles/mcu.elf.dir/stdlib/Src/misc.c.obj
                0x08004e18                SysTick_CLKSourceConfig
 .text.EXTI_ClearITPendingBit
                0x08004e38        0xc CMakeFiles/mcu.elf.dir/stdlib/Src/stm32f10x_exti.c.obj
                0x08004e38                EXTI_ClearITPendingBit
 .text.FSMC_NORSRAMInit
                0x08004e44       0xc8 CMakeFiles/mcu.elf.dir/stdlib/Src/stm32f10x_fsmc.c.obj
                0x08004e44                FSMC_NORSRAMInit
 .text.FSMC_NORSRAMCmd
                0x08004f0c       0x2c CMakeFiles/mcu.elf.dir/stdlib/Src/stm32f10x_fsmc.c.obj
                0x08004f0c                FSMC_NORSRAMCmd
 .text.GPIO_Init
                0x08004f38       0x9c CMakeFiles/mcu.elf.dir/stdlib/Src/stm32f10x_gpio.c.obj
                0x08004f38                GPIO_Init
 .text.GPIO_ReadInputDataBit
                0x08004fd4       0x10 CMakeFiles/mcu.elf.dir/stdlib/Src/stm32f10x_gpio.c.obj
                0x08004fd4                GPIO_ReadInputDataBit
 .text.GPIO_SetBits
                0x08004fe4        0x4 CMakeFiles/mcu.elf.dir/stdlib/Src/stm32f10x_gpio.c.obj
                0x08004fe4                GPIO_SetBits
 .text.RCC_GetClocksFreq
                0x08004fe8       0xbc CMakeFiles/mcu.elf.dir/stdlib/Src/stm32f10x_rcc.c.obj
                0x08004fe8                RCC_GetClocksFreq
 .text.RCC_AHBPeriphClockCmd
                0x080050a4       0x1c CMakeFiles/mcu.elf.dir/stdlib/Src/stm32f10x_rcc.c.obj
                0x080050a4                RCC_AHBPeriphClockCmd
 .text.RCC_APB2PeriphClockCmd
                0x080050c0       0x1c CMakeFiles/mcu.elf.dir/stdlib/Src/stm32f10x_rcc.c.obj
                0x080050c0                RCC_APB2PeriphClockCmd
 .text.TIM_GetITStatus
                0x080050dc       0x18 CMakeFiles/mcu.elf.dir/stdlib/Src/stm32f10x_tim.c.obj
                0x080050dc                TIM_GetITStatus
 .text.TIM_ClearITPendingBit
                0x080050f4        0x8 CMakeFiles/mcu.elf.dir/stdlib/Src/stm32f10x_tim.c.obj
                0x080050f4                TIM_ClearITPendingBit
 .text.USART_Init
                0x080050fc       0xc8 CMakeFiles/mcu.elf.dir/stdlib/Src/stm32f10x_usart.c.obj
                0x080050fc                USART_Init
 .text.USART_Cmd
                0x080051c4       0x1c CMakeFiles/mcu.elf.dir/stdlib/Src/stm32f10x_usart.c.obj
                0x080051c4                USART_Cmd
 .text.USART_ITConfig
                0x080051e0       0x38 CMakeFiles/mcu.elf.dir/stdlib/Src/stm32f10x_usart.c.obj
                0x080051e0                USART_ITConfig
 .text.USART_ReceiveData
                0x08005218        0x8 CMakeFiles/mcu.elf.dir/stdlib/Src/stm32f10x_usart.c.obj
                0x08005218                USART_ReceiveData
 .text.USART_GetITStatus
                0x08005220       0x4c CMakeFiles/mcu.elf.dir/stdlib/Src/stm32f10x_usart.c.obj
                0x08005220                USART_GetITStatus
 .text.SetSysClockTo72
                0x0800526c       0xc4 CMakeFiles/mcu.elf.dir/stdlib/Src/system_stm32f10x.c.obj
 .text.SetSysClock
                0x08005330        0x8 CMakeFiles/mcu.elf.dir/stdlib/Src/system_stm32f10x.c.obj
 .text.SystemInit
                0x08005338       0x50 CMakeFiles/mcu.elf.dir/stdlib/Src/system_stm32f10x.c.obj
                0x08005338                SystemInit
 .text._init    0x08005388        0x4 CMakeFiles/mcu.elf.dir/stdlib/Src/system_stm32f10x.c.obj
                0x08005388                _init
 .text.__libc_init_array
                0x0800538c       0x4c /home/sunqi/program/gcc-arm-none-eabi-5_4-2016q3/bin/../lib/gcc/arm-none-eabi/5.4.1/../../../../arm-none-eabi/lib/armv7-m/libg_nano.a(lib_a-init.o)
                0x0800538c                __libc_init_array
 .text.printf   0x080053d8       0x30 /home/sunqi/program/gcc-arm-none-eabi-5_4-2016q3/bin/../lib/gcc/arm-none-eabi/5.4.1/../../../../arm-none-eabi/lib/armv7-m/libg_nano.a(lib_a-printf.o)
                0x080053d8                printf
                0x080053d8                iprintf
 .text.sprintf  0x08005408       0x48 /home/sunqi/program/gcc-arm-none-eabi-5_4-2016q3/bin/../lib/gcc/arm-none-eabi/5.4.1/../../../../arm-none-eabi/lib/armv7-m/libg_nano.a(lib_a-sprintf.o)
                0x08005408                sprintf
                0x08005408                siprintf
 .text._cleanup_r
                0x08005450        0xc /home/sunqi/program/gcc-arm-none-eabi-5_4-2016q3/bin/../lib/gcc/arm-none-eabi/5.4.1/../../../../arm-none-eabi/lib/armv7-m/libg_nano.a(lib_a-findfp.o)
                0x08005450                _cleanup_r
 .text.std.isra.0
                0x0800545c       0x48 /home/sunqi/program/gcc-arm-none-eabi-5_4-2016q3/bin/../lib/gcc/arm-none-eabi/5.4.1/../../../../arm-none-eabi/lib/armv7-m/libg_nano.a(lib_a-findfp.o)
 .text.__sfmoreglue
                0x080054a4       0x2c /home/sunqi/program/gcc-arm-none-eabi-5_4-2016q3/bin/../lib/gcc/arm-none-eabi/5.4.1/../../../../arm-none-eabi/lib/armv7-m/libg_nano.a(lib_a-findfp.o)
                0x080054a4                __sfmoreglue
 .text.__sinit  0x080054d0       0x60 /home/sunqi/program/gcc-arm-none-eabi-5_4-2016q3/bin/../lib/gcc/arm-none-eabi/5.4.1/../../../../arm-none-eabi/lib/armv7-m/libg_nano.a(lib_a-findfp.o)
                0x080054d0                __sinit
 .text.__sfp    0x08005530       0x78 /home/sunqi/program/gcc-arm-none-eabi-5_4-2016q3/bin/../lib/gcc/arm-none-eabi/5.4.1/../../../../arm-none-eabi/lib/armv7-m/libg_nano.a(lib_a-findfp.o)
                0x08005530                __sfp
 .text._fwalk_reent
                0x080055a8       0x3c /home/sunqi/program/gcc-arm-none-eabi-5_4-2016q3/bin/../lib/gcc/arm-none-eabi/5.4.1/../../../../arm-none-eabi/lib/armv7-m/libg_nano.a(lib_a-fwalk.o)
                0x080055a8                _fwalk_reent
 .text.memset   0x080055e4       0x10 /home/sunqi/program/gcc-arm-none-eabi-5_4-2016q3/bin/../lib/gcc/arm-none-eabi/5.4.1/../../../../arm-none-eabi/lib/armv7-m/libg_nano.a(lib_a-memset.o)
                0x080055e4                memset
 .text._malloc_r
                0x080055f4       0xbc /home/sunqi/program/gcc-arm-none-eabi-5_4-2016q3/bin/../lib/gcc/arm-none-eabi/5.4.1/../../../../arm-none-eabi/lib/armv7-m/libg_nano.a(lib_a-nano-mallocr.o)
                0x080055f4                _malloc_r
 .text.__ssputs_r
                0x080056b0       0xb2 /home/sunqi/program/gcc-arm-none-eabi-5_4-2016q3/bin/../lib/gcc/arm-none-eabi/5.4.1/../../../../arm-none-eabi/lib/armv7-m/libg_nano.a(lib_a-nano-svfprintf.o)
                0x080056b0                __ssputs_r
 *fill*         0x08005762        0x2 
 .text._svfprintf_r
                0x08005764      0x1e8 /home/sunqi/program/gcc-arm-none-eabi-5_4-2016q3/bin/../lib/gcc/arm-none-eabi/5.4.1/../../../../arm-none-eabi/lib/armv7-m/libg_nano.a(lib_a-nano-svfprintf.o)
                0x08005764                _svfprintf_r
                0x08005764                _svfiprintf_r
 .text.__sfputc_r
                0x0800594c       0x2c /home/sunqi/program/gcc-arm-none-eabi-5_4-2016q3/bin/../lib/gcc/arm-none-eabi/5.4.1/../../../../arm-none-eabi/lib/armv7-m/libg_nano.a(lib_a-nano-vfprintf.o)
 .text.__sfputs_r
                0x08005978       0x24 /home/sunqi/program/gcc-arm-none-eabi-5_4-2016q3/bin/../lib/gcc/arm-none-eabi/5.4.1/../../../../arm-none-eabi/lib/armv7-m/libg_nano.a(lib_a-nano-vfprintf.o)
                0x08005978                __sfputs_r
 .text._vfprintf_r
                0x0800599c      0x238 /home/sunqi/program/gcc-arm-none-eabi-5_4-2016q3/bin/../lib/gcc/arm-none-eabi/5.4.1/../../../../arm-none-eabi/lib/armv7-m/libg_nano.a(lib_a-nano-vfprintf.o)
                0x0800599c                _vfiprintf_r
                0x0800599c                _vfprintf_r
 .text._printf_common
                0x08005bd4       0xec /home/sunqi/program/gcc-arm-none-eabi-5_4-2016q3/bin/../lib/gcc/arm-none-eabi/5.4.1/../../../../arm-none-eabi/lib/armv7-m/libg_nano.a(lib_a-nano-vfprintf_i.o)
                0x08005bd4                _printf_common
 .text._printf_i
                0x08005cc0      0x24c /home/sunqi/program/gcc-arm-none-eabi-5_4-2016q3/bin/../lib/gcc/arm-none-eabi/5.4.1/../../../../arm-none-eabi/lib/armv7-m/libg_nano.a(lib_a-nano-vfprintf_i.o)
                0x08005cc0                _printf_i
 .text._sbrk_r  0x08005f0c       0x20 /home/sunqi/program/gcc-arm-none-eabi-5_4-2016q3/bin/../lib/gcc/arm-none-eabi/5.4.1/../../../../arm-none-eabi/lib/armv7-m/libg_nano.a(lib_a-sbrkr.o)
                0x08005f0c                _sbrk_r
 .text.__sread  0x08005f2c       0x22 /home/sunqi/program/gcc-arm-none-eabi-5_4-2016q3/bin/../lib/gcc/arm-none-eabi/5.4.1/../../../../arm-none-eabi/lib/armv7-m/libg_nano.a(lib_a-stdio.o)
                0x08005f2c                __sread
 .text.__swrite
                0x08005f4e       0x38 /home/sunqi/program/gcc-arm-none-eabi-5_4-2016q3/bin/../lib/gcc/arm-none-eabi/5.4.1/../../../../arm-none-eabi/lib/armv7-m/libg_nano.a(lib_a-stdio.o)
                0x08005f4e                __swrite
 .text.__sseek  0x08005f86       0x24 /home/sunqi/program/gcc-arm-none-eabi-5_4-2016q3/bin/../lib/gcc/arm-none-eabi/5.4.1/../../../../arm-none-eabi/lib/armv7-m/libg_nano.a(lib_a-stdio.o)
                0x08005f86                __sseek
 .text.__sclose
                0x08005faa        0x8 /home/sunqi/program/gcc-arm-none-eabi-5_4-2016q3/bin/../lib/gcc/arm-none-eabi/5.4.1/../../../../arm-none-eabi/lib/armv7-m/libg_nano.a(lib_a-stdio.o)
                0x08005faa                __sclose
 *fill*         0x08005fb2        0x2 
 .text.__swbuf_r
                0x08005fb4       0xa8 /home/sunqi/program/gcc-arm-none-eabi-5_4-2016q3/bin/../lib/gcc/arm-none-eabi/5.4.1/../../../../arm-none-eabi/lib/armv7-m/libg_nano.a(lib_a-wbuf.o)
                0x08005fb4                __swbuf_r
 .text._write_r
                0x0800605c       0x24 /home/sunqi/program/gcc-arm-none-eabi-5_4-2016q3/bin/../lib/gcc/arm-none-eabi/5.4.1/../../../../arm-none-eabi/lib/armv7-m/libg_nano.a(lib_a-writer.o)
                0x0800605c                _write_r
 .text.__swsetup_r
                0x08006080       0xdc /home/sunqi/program/gcc-arm-none-eabi-5_4-2016q3/bin/../lib/gcc/arm-none-eabi/5.4.1/../../../../arm-none-eabi/lib/armv7-m/libg_nano.a(lib_a-wsetup.o)
                0x08006080                __swsetup_r
 .text._close_r
                0x0800615c       0x20 /home/sunqi/program/gcc-arm-none-eabi-5_4-2016q3/bin/../lib/gcc/arm-none-eabi/5.4.1/../../../../arm-none-eabi/lib/armv7-m/libg_nano.a(lib_a-closer.o)
                0x0800615c                _close_r
 .text.__sflush_r
                0x0800617c      0x10c /home/sunqi/program/gcc-arm-none-eabi-5_4-2016q3/bin/../lib/gcc/arm-none-eabi/5.4.1/../../../../arm-none-eabi/lib/armv7-m/libg_nano.a(lib_a-fflush.o)
                0x0800617c                __sflush_r
 .text._fflush_r
                0x08006288       0x54 /home/sunqi/program/gcc-arm-none-eabi-5_4-2016q3/bin/../lib/gcc/arm-none-eabi/5.4.1/../../../../arm-none-eabi/lib/armv7-m/libg_nano.a(lib_a-fflush.o)
                0x08006288                _fflush_r
 .text._lseek_r
                0x080062dc       0x24 /home/sunqi/program/gcc-arm-none-eabi-5_4-2016q3/bin/../lib/gcc/arm-none-eabi/5.4.1/../../../../arm-none-eabi/lib/armv7-m/libg_nano.a(lib_a-lseekr.o)
                0x080062dc                _lseek_r
 .text.__swhatbuf_r
                0x08006300       0x46 /home/sunqi/program/gcc-arm-none-eabi-5_4-2016q3/bin/../lib/gcc/arm-none-eabi/5.4.1/../../../../arm-none-eabi/lib/armv7-m/libg_nano.a(lib_a-makebuf.o)
                0x08006300                __swhatbuf_r
 *fill*         0x08006346        0x2 
 .text.__smakebuf_r
                0x08006348       0x78 /home/sunqi/program/gcc-arm-none-eabi-5_4-2016q3/bin/../lib/gcc/arm-none-eabi/5.4.1/../../../../arm-none-eabi/lib/armv7-m/libg_nano.a(lib_a-makebuf.o)
                0x08006348                __smakebuf_r
 .text.memchr   0x080063c0       0x1c /home/sunqi/program/gcc-arm-none-eabi-5_4-2016q3/bin/../lib/gcc/arm-none-eabi/5.4.1/../../../../arm-none-eabi/lib/armv7-m/libg_nano.a(lib_a-memchr-stub.o)
                0x080063c0                memchr
 .text.memcpy   0x080063dc       0x16 /home/sunqi/program/gcc-arm-none-eabi-5_4-2016q3/bin/../lib/gcc/arm-none-eabi/5.4.1/../../../../arm-none-eabi/lib/armv7-m/libg_nano.a(lib_a-memcpy-stub.o)
                0x080063dc                memcpy
 .text.memmove  0x080063f2       0x36 /home/sunqi/program/gcc-arm-none-eabi-5_4-2016q3/bin/../lib/gcc/arm-none-eabi/5.4.1/../../../../arm-none-eabi/lib/armv7-m/libg_nano.a(lib_a-memmove.o)
                0x080063f2                memmove
 .text.__malloc_lock
                0x08006428        0x2 /home/sunqi/program/gcc-arm-none-eabi-5_4-2016q3/bin/../lib/gcc/arm-none-eabi/5.4.1/../../../../arm-none-eabi/lib/armv7-m/libg_nano.a(lib_a-mlock.o)
                0x08006428                __malloc_lock
 .text.__malloc_unlock
                0x0800642a        0x2 /home/sunqi/program/gcc-arm-none-eabi-5_4-2016q3/bin/../lib/gcc/arm-none-eabi/5.4.1/../../../../arm-none-eabi/lib/armv7-m/libg_nano.a(lib_a-mlock.o)
                0x0800642a                __malloc_unlock
 .text._free_r  0x0800642c       0x98 /home/sunqi/program/gcc-arm-none-eabi-5_4-2016q3/bin/../lib/gcc/arm-none-eabi/5.4.1/../../../../arm-none-eabi/lib/armv7-m/libg_nano.a(lib_a-nano-freer.o)
                0x0800642c                _free_r
 .text._realloc_r
                0x080064c4       0x4c /home/sunqi/program/gcc-arm-none-eabi-5_4-2016q3/bin/../lib/gcc/arm-none-eabi/5.4.1/../../../../arm-none-eabi/lib/armv7-m/libg_nano.a(lib_a-nano-reallocr.o)
                0x080064c4                _realloc_r
 .text._read_r  0x08006510       0x24 /home/sunqi/program/gcc-arm-none-eabi-5_4-2016q3/bin/../lib/gcc/arm-none-eabi/5.4.1/../../../../arm-none-eabi/lib/armv7-m/libg_nano.a(lib_a-readr.o)
                0x08006510                _read_r
 .text._fstat_r
                0x08006534       0x24 /home/sunqi/program/gcc-arm-none-eabi-5_4-2016q3/bin/../lib/gcc/arm-none-eabi/5.4.1/../../../../arm-none-eabi/lib/armv7-m/libg_nano.a(lib_a-fstatr.o)
                0x08006534                _fstat_r
 .text._isatty_r
                0x08006558       0x20 /home/sunqi/program/gcc-arm-none-eabi-5_4-2016q3/bin/../lib/gcc/arm-none-eabi/5.4.1/../../../../arm-none-eabi/lib/armv7-m/libg_nano.a(lib_a-isattyr.o)
                0x08006558                _isatty_r
 .text._malloc_usable_size_r
                0x08006578       0x14 /home/sunqi/program/gcc-arm-none-eabi-5_4-2016q3/bin/../lib/gcc/arm-none-eabi/5.4.1/../../../../arm-none-eabi/lib/armv7-m/libg_nano.a(lib_a-nano-msizer.o)
                0x08006578                _malloc_usable_size_r
 .text._close   0x0800658c       0x10 /home/sunqi/program/gcc-arm-none-eabi-5_4-2016q3/bin/../lib/gcc/arm-none-eabi/5.4.1/../../../../arm-none-eabi/lib/armv7-m/libnosys.a(close.o)
                0x0800658c                _close
 .text._fstat   0x0800659c       0x10 /home/sunqi/program/gcc-arm-none-eabi-5_4-2016q3/bin/../lib/gcc/arm-none-eabi/5.4.1/../../../../arm-none-eabi/lib/armv7-m/libnosys.a(fstat.o)
                0x0800659c                _fstat
 .text._isatty  0x080065ac       0x10 /home/sunqi/program/gcc-arm-none-eabi-5_4-2016q3/bin/../lib/gcc/arm-none-eabi/5.4.1/../../../../arm-none-eabi/lib/armv7-m/libnosys.a(isatty.o)
                0x080065ac                _isatty
 .text._lseek   0x080065bc       0x10 /home/sunqi/program/gcc-arm-none-eabi-5_4-2016q3/bin/../lib/gcc/arm-none-eabi/5.4.1/../../../../arm-none-eabi/lib/armv7-m/libnosys.a(lseek.o)
                0x080065bc                _lseek
 .text._read    0x080065cc       0x10 /home/sunqi/program/gcc-arm-none-eabi-5_4-2016q3/bin/../lib/gcc/arm-none-eabi/5.4.1/../../../../arm-none-eabi/lib/armv7-m/libnosys.a(read.o)
                0x080065cc                _read
 .text._sbrk    0x080065dc       0x1c /home/sunqi/program/gcc-arm-none-eabi-5_4-2016q3/bin/../lib/gcc/arm-none-eabi/5.4.1/../../../../arm-none-eabi/lib/armv7-m/libnosys.a(sbrk.o)
                0x080065dc                _sbrk
 .text._write   0x080065f8       0x10 /home/sunqi/program/gcc-arm-none-eabi-5_4-2016q3/bin/../lib/gcc/arm-none-eabi/5.4.1/../../../../arm-none-eabi/lib/armv7-m/libnosys.a(write.o)
                0x080065f8                _write
 *(.glue_7)
 .glue_7        0x08006608        0x0 linker stubs
 *(.glue_7t)
 .glue_7t       0x08006608        0x0 linker stubs
 *(.eh_frame)
 *(.init)
 *(.fini)
                0x08006608                . = ALIGN (0x4)
                0x08006608                _etext = .

.vfp11_veneer   0x08006608        0x0
 .vfp11_veneer  0x08006608        0x0 linker stubs

.v4_bx          0x08006608        0x0
 .v4_bx         0x08006608        0x0 linker stubs

.iplt           0x08006608        0x0
 .iplt          0x08006608        0x0 CMakeFiles/mcu.elf.dir/system/startup/startup_stm32f103xe.s.obj

.rodata         0x08006608     0x18f4
                0x08006608                . = ALIGN (0x4)
 *(.rodata)
 *(.rodata*)
 .rodata.str1.4
                0x08006608       0x89 CMakeFiles/mcu.elf.dir/main.c.obj
 *fill*         0x08006691        0x3 
 .rodata.asc2_2412
                0x08006694      0xd5c CMakeFiles/mcu.elf.dir/user/lcd.c.obj
                0x08006694                asc2_2412
 .rodata.asc2_1608
                0x080073f0      0x5f0 CMakeFiles/mcu.elf.dir/user/lcd.c.obj
                0x080073f0                asc2_1608
 .rodata.asc2_1206
                0x080079e0      0x474 CMakeFiles/mcu.elf.dir/user/lcd.c.obj
                0x080079e0                asc2_1206
 .rodata.str1.4
                0x08007e54       0x10 CMakeFiles/mcu.elf.dir/user/lcd.c.obj
                                  0xd (size before relaxing)
 .rodata.__sf_fake_stdin
                0x08007e64       0x20 /home/sunqi/program/gcc-arm-none-eabi-5_4-2016q3/bin/../lib/gcc/arm-none-eabi/5.4.1/../../../../arm-none-eabi/lib/armv7-m/libg_nano.a(lib_a-findfp.o)
                0x08007e64                __sf_fake_stdin
 .rodata.__sf_fake_stdout
                0x08007e84       0x20 /home/sunqi/program/gcc-arm-none-eabi-5_4-2016q3/bin/../lib/gcc/arm-none-eabi/5.4.1/../../../../arm-none-eabi/lib/armv7-m/libg_nano.a(lib_a-findfp.o)
                0x08007e84                __sf_fake_stdout
 .rodata.__sf_fake_stderr
                0x08007ea4       0x20 /home/sunqi/program/gcc-arm-none-eabi-5_4-2016q3/bin/../lib/gcc/arm-none-eabi/5.4.1/../../../../arm-none-eabi/lib/armv7-m/libg_nano.a(lib_a-findfp.o)
                0x08007ea4                __sf_fake_stderr
 .rodata._global_impure_ptr
                0x08007ec4        0x4 /home/sunqi/program/gcc-arm-none-eabi-5_4-2016q3/bin/../lib/gcc/arm-none-eabi/5.4.1/../../../../arm-none-eabi/lib/armv7-m/libg_nano.a(lib_a-impure.o)
                0x08007ec4                _global_impure_ptr
 .rodata.str1.1
                0x08007ec8       0x11 /home/sunqi/program/gcc-arm-none-eabi-5_4-2016q3/bin/../lib/gcc/arm-none-eabi/5.4.1/../../../../arm-none-eabi/lib/armv7-m/libg_nano.a(lib_a-nano-svfprintf.o)
 .rodata.str1.1
                0x08007ed9       0x11 /home/sunqi/program/gcc-arm-none-eabi-5_4-2016q3/bin/../lib/gcc/arm-none-eabi/5.4.1/../../../../arm-none-eabi/lib/armv7-m/libg_nano.a(lib_a-nano-vfprintf.o)
 .rodata.str1.1
                0x08007ed9       0x22 /home/sunqi/program/gcc-arm-none-eabi-5_4-2016q3/bin/../lib/gcc/arm-none-eabi/5.4.1/../../../../arm-none-eabi/lib/armv7-m/libg_nano.a(lib_a-nano-vfprintf_i.o)
                0x08007efc                . = ALIGN (0x4)
 *fill*         0x08007efb        0x1 

.rel.dyn        0x08007efc        0x0
 .rel.iplt      0x08007efc        0x0 CMakeFiles/mcu.elf.dir/system/startup/startup_stm32f103xe.s.obj

.ARM.extab
 *(.ARM.extab* .gnu.linkonce.armextab.*)

.ARM            0x08007efc        0x0
                0x08007efc                __exidx_start = .
 *(.ARM.exidx*)
                0x08007efc                __exidx_end = .

.preinit_array  0x08007efc        0x0
                0x08007efc                PROVIDE (__preinit_array_start, .)
 *(.preinit_array*)
                0x08007efc                PROVIDE (__preinit_array_end, .)

.init_array     0x08007efc        0x0
                0x08007efc                PROVIDE (__init_array_start, .)
 *(SORT(.init_array.*))
 *(.init_array*)
                0x08007efc                PROVIDE (__init_array_end, .)

.fini_array     0x08007efc        0x0
                [!provide]                PROVIDE (__fini_array_start, .)
 *(SORT(.fini_array.*))
 *(.fini_array*)
                [!provide]                PROVIDE (__fini_array_end, .)
                0x08007efc                _sidata = LOADADDR (.data)

.data           0x20000000       0x80 load address 0x08007efc
                0x20000000                . = ALIGN (0x4)
                0x20000000                _sdata = .
 *(.data)
 *(.data*)
 .data.BACK_COLOR
                0x20000000        0x2 CMakeFiles/mcu.elf.dir/user/lcd.c.obj
                0x20000000                BACK_COLOR
 *fill*         0x20000002        0x2 
 .data.ADCPrescTable
                0x20000004        0x4 CMakeFiles/mcu.elf.dir/stdlib/Src/stm32f10x_rcc.c.obj
 .data.APBAHBPrescTable
                0x20000008       0x10 CMakeFiles/mcu.elf.dir/stdlib/Src/stm32f10x_rcc.c.obj
 .data.SystemCoreClock
                0x20000018        0x4 CMakeFiles/mcu.elf.dir/stdlib/Src/system_stm32f10x.c.obj
                0x20000018                SystemCoreClock
 .data.impure_data
                0x2000001c       0x60 /home/sunqi/program/gcc-arm-none-eabi-5_4-2016q3/bin/../lib/gcc/arm-none-eabi/5.4.1/../../../../arm-none-eabi/lib/armv7-m/libg_nano.a(lib_a-impure.o)
 .data._impure_ptr
                0x2000007c        0x4 /home/sunqi/program/gcc-arm-none-eabi-5_4-2016q3/bin/../lib/gcc/arm-none-eabi/5.4.1/../../../../arm-none-eabi/lib/armv7-m/libg_nano.a(lib_a-impure.o)
                0x2000007c                _impure_ptr
                0x20000080                . = ALIGN (0x4)
                0x20000080                _edata = .

.igot.plt       0x20000080        0x0 load address 0x08007f7c
 .igot.plt      0x20000080        0x0 CMakeFiles/mcu.elf.dir/system/startup/startup_stm32f103xe.s.obj
                0x20000080                . = ALIGN (0x4)

.bss            0x20000080       0xf4 load address 0x08007f7c
                0x20000080                _sbss = .
                0x20000080                __bss_start__ = _sbss
 *(.bss)
 *(.bss*)
 .bss.fac_us    0x20000080        0x1 CMakeFiles/mcu.elf.dir/user/delay.c.obj
 *fill*         0x20000081        0x1 
 .bss.fac_ms    0x20000082        0x2 CMakeFiles/mcu.elf.dir/user/delay.c.obj
 .bss.POINT_COLOR
                0x20000084        0x2 CMakeFiles/mcu.elf.dir/user/lcd.c.obj
                0x20000084                POINT_COLOR
 *fill*         0x20000086        0x2 
 .bss.lcddev    0x20000088        0xe CMakeFiles/mcu.elf.dir/user/lcd.c.obj
                0x20000088                lcddev
 *fill*         0x20000096        0x2 
 .bss.USART_RX_BUF
                0x20000098       0xc8 CMakeFiles/mcu.elf.dir/user/usart.c.obj
                0x20000098                USART_RX_BUF
 .bss.USART_RX_STA
                0x20000160        0x2 CMakeFiles/mcu.elf.dir/user/usart.c.obj
                0x20000160                USART_RX_STA
 *fill*         0x20000162        0x2 
 .bss.__malloc_sbrk_start
                0x20000164        0x4 /home/sunqi/program/gcc-arm-none-eabi-5_4-2016q3/bin/../lib/gcc/arm-none-eabi/5.4.1/../../../../arm-none-eabi/lib/armv7-m/libg_nano.a(lib_a-nano-mallocr.o)
                0x20000164                __malloc_sbrk_start
 .bss.__malloc_free_list
                0x20000168        0x4 /home/sunqi/program/gcc-arm-none-eabi-5_4-2016q3/bin/../lib/gcc/arm-none-eabi/5.4.1/../../../../arm-none-eabi/lib/armv7-m/libg_nano.a(lib_a-nano-mallocr.o)
                0x20000168                __malloc_free_list
 .bss.heap_end.4167
                0x2000016c        0x4 /home/sunqi/program/gcc-arm-none-eabi-5_4-2016q3/bin/../lib/gcc/arm-none-eabi/5.4.1/../../../../arm-none-eabi/lib/armv7-m/libnosys.a(sbrk.o)
 *(COMMON)
 COMMON         0x20000170        0x4 /home/sunqi/program/gcc-arm-none-eabi-5_4-2016q3/bin/../lib/gcc/arm-none-eabi/5.4.1/../../../../arm-none-eabi/lib/armv7-m/libg_nano.a(lib_a-reent.o)
                0x20000170                errno
                0x20000174                . = ALIGN (0x4)
                0x20000174                _ebss = .
                0x20000174                __bss_end__ = _ebss

._user_heap_stack
                0x20000174      0x600 load address 0x08007f7c
                0x20000174                . = ALIGN (0x4)
                0x20000174                PROVIDE (end, .)
                [!provide]                PROVIDE (_end, .)
                0x20000374                . = (. + _Min_Heap_Size)
 *fill*         0x20000174      0x200 
                0x20000774                . = (. + _Min_Stack_Size)
 *fill*         0x20000374      0x400 
                0x20000774                . = ALIGN (0x4)

/DISCARD/
 libc.a(*)
 libm.a(*)
 libgcc.a(*)

.ARM.attributes
                0x00000000       0x2f
 *(.ARM.attributes)
 .ARM.attributes
                0x00000000       0x21 CMakeFiles/mcu.elf.dir/system/startup/startup_stm32f103xe.s.obj
 .ARM.attributes
                0x00000021       0x33 CMakeFiles/mcu.elf.dir/main.c.obj
 .ARM.attributes
                0x00000054       0x33 CMakeFiles/mcu.elf.dir/user/delay.c.obj
 .ARM.attributes
                0x00000087       0x33 CMakeFiles/mcu.elf.dir/user/lcd.c.obj
 .ARM.attributes
                0x000000ba       0x33 CMakeFiles/mcu.elf.dir/user/led.c.obj
 .ARM.attributes
                0x000000ed       0x33 CMakeFiles/mcu.elf.dir/user/usart.c.obj
 .ARM.attributes
                0x00000120       0x33 CMakeFiles/mcu.elf.dir/stdlib/Src/misc.c.obj
 .ARM.attributes
                0x00000153       0x33 CMakeFiles/mcu.elf.dir/stdlib/Src/stm32f10x_exti.c.obj
 .ARM.attributes
                0x00000186       0x33 CMakeFiles/mcu.elf.dir/stdlib/Src/stm32f10x_fsmc.c.obj
 .ARM.attributes
                0x000001b9       0x33 CMakeFiles/mcu.elf.dir/stdlib/Src/stm32f10x_gpio.c.obj
 .ARM.attributes
                0x000001ec       0x33 CMakeFiles/mcu.elf.dir/stdlib/Src/stm32f10x_rcc.c.obj
 .ARM.attributes
                0x0000021f       0x33 CMakeFiles/mcu.elf.dir/stdlib/Src/stm32f10x_tim.c.obj
 .ARM.attributes
                0x00000252       0x33 CMakeFiles/mcu.elf.dir/stdlib/Src/stm32f10x_usart.c.obj
 .ARM.attributes
                0x00000285       0x33 CMakeFiles/mcu.elf.dir/stdlib/Src/system_stm32f10x.c.obj
 .ARM.attributes
                0x000002b8       0x1d /home/sunqi/program/gcc-arm-none-eabi-5_4-2016q3/bin/../lib/gcc/arm-none-eabi/5.4.1/armv7-m/libgcc.a(_arm_addsubdf3.o)
 .ARM.attributes
                0x000002d5       0x1d /home/sunqi/program/gcc-arm-none-eabi-5_4-2016q3/bin/../lib/gcc/arm-none-eabi/5.4.1/armv7-m/libgcc.a(_arm_muldivdf3.o)
 .ARM.attributes
                0x000002f2       0x1d /home/sunqi/program/gcc-arm-none-eabi-5_4-2016q3/bin/../lib/gcc/arm-none-eabi/5.4.1/armv7-m/libgcc.a(_arm_fixunsdfsi.o)
 .ARM.attributes
                0x0000030f       0x2d /home/sunqi/program/gcc-arm-none-eabi-5_4-2016q3/bin/../lib/gcc/arm-none-eabi/5.4.1/../../../../arm-none-eabi/lib/armv7-m/libg_nano.a(lib_a-init.o)
 .ARM.attributes
                0x0000033c       0x2d /home/sunqi/program/gcc-arm-none-eabi-5_4-2016q3/bin/../lib/gcc/arm-none-eabi/5.4.1/../../../../arm-none-eabi/lib/armv7-m/libg_nano.a(lib_a-printf.o)
 .ARM.attributes
                0x00000369       0x2d /home/sunqi/program/gcc-arm-none-eabi-5_4-2016q3/bin/../lib/gcc/arm-none-eabi/5.4.1/../../../../arm-none-eabi/lib/armv7-m/libg_nano.a(lib_a-sprintf.o)
 .ARM.attributes
                0x00000396       0x2d /home/sunqi/program/gcc-arm-none-eabi-5_4-2016q3/bin/../lib/gcc/arm-none-eabi/5.4.1/../../../../arm-none-eabi/lib/armv7-m/libg_nano.a(lib_a-findfp.o)
 .ARM.attributes
                0x000003c3       0x2d /home/sunqi/program/gcc-arm-none-eabi-5_4-2016q3/bin/../lib/gcc/arm-none-eabi/5.4.1/../../../../arm-none-eabi/lib/armv7-m/libg_nano.a(lib_a-fwalk.o)
 .ARM.attributes
                0x000003f0       0x2d /home/sunqi/program/gcc-arm-none-eabi-5_4-2016q3/bin/../lib/gcc/arm-none-eabi/5.4.1/../../../../arm-none-eabi/lib/armv7-m/libg_nano.a(lib_a-impure.o)
 .ARM.attributes
                0x0000041d       0x2d /home/sunqi/program/gcc-arm-none-eabi-5_4-2016q3/bin/../lib/gcc/arm-none-eabi/5.4.1/../../../../arm-none-eabi/lib/armv7-m/libg_nano.a(lib_a-memset.o)
 .ARM.attributes
                0x0000044a       0x2d /home/sunqi/program/gcc-arm-none-eabi-5_4-2016q3/bin/../lib/gcc/arm-none-eabi/5.4.1/../../../../arm-none-eabi/lib/armv7-m/libg_nano.a(lib_a-nano-mallocr.o)
 .ARM.attributes
                0x00000477       0x2d /home/sunqi/program/gcc-arm-none-eabi-5_4-2016q3/bin/../lib/gcc/arm-none-eabi/5.4.1/../../../../arm-none-eabi/lib/armv7-m/libg_nano.a(lib_a-nano-svfprintf.o)
 .ARM.attributes
                0x000004a4       0x2d /home/sunqi/program/gcc-arm-none-eabi-5_4-2016q3/bin/../lib/gcc/arm-none-eabi/5.4.1/../../../../arm-none-eabi/lib/armv7-m/libg_nano.a(lib_a-nano-vfprintf.o)
 .ARM.attributes
                0x000004d1       0x2d /home/sunqi/program/gcc-arm-none-eabi-5_4-2016q3/bin/../lib/gcc/arm-none-eabi/5.4.1/../../../../arm-none-eabi/lib/armv7-m/libg_nano.a(lib_a-nano-vfprintf_i.o)
 .ARM.attributes
                0x000004fe       0x2d /home/sunqi/program/gcc-arm-none-eabi-5_4-2016q3/bin/../lib/gcc/arm-none-eabi/5.4.1/../../../../arm-none-eabi/lib/armv7-m/libg_nano.a(lib_a-sbrkr.o)
 .ARM.attributes
                0x0000052b       0x2d /home/sunqi/program/gcc-arm-none-eabi-5_4-2016q3/bin/../lib/gcc/arm-none-eabi/5.4.1/../../../../arm-none-eabi/lib/armv7-m/libg_nano.a(lib_a-stdio.o)
 .ARM.attributes
                0x00000558       0x2d /home/sunqi/program/gcc-arm-none-eabi-5_4-2016q3/bin/../lib/gcc/arm-none-eabi/5.4.1/../../../../arm-none-eabi/lib/armv7-m/libg_nano.a(lib_a-wbuf.o)
 .ARM.attributes
                0x00000585       0x2d /home/sunqi/program/gcc-arm-none-eabi-5_4-2016q3/bin/../lib/gcc/arm-none-eabi/5.4.1/../../../../arm-none-eabi/lib/armv7-m/libg_nano.a(lib_a-writer.o)
 .ARM.attributes
                0x000005b2       0x2d /home/sunqi/program/gcc-arm-none-eabi-5_4-2016q3/bin/../lib/gcc/arm-none-eabi/5.4.1/../../../../arm-none-eabi/lib/armv7-m/libg_nano.a(lib_a-wsetup.o)
 .ARM.attributes
                0x000005df       0x2d /home/sunqi/program/gcc-arm-none-eabi-5_4-2016q3/bin/../lib/gcc/arm-none-eabi/5.4.1/../../../../arm-none-eabi/lib/armv7-m/libg_nano.a(lib_a-closer.o)
 .ARM.attributes
                0x0000060c       0x2d /home/sunqi/program/gcc-arm-none-eabi-5_4-2016q3/bin/../lib/gcc/arm-none-eabi/5.4.1/../../../../arm-none-eabi/lib/armv7-m/libg_nano.a(lib_a-fflush.o)
 .ARM.attributes
                0x00000639       0x2d /home/sunqi/program/gcc-arm-none-eabi-5_4-2016q3/bin/../lib/gcc/arm-none-eabi/5.4.1/../../../../arm-none-eabi/lib/armv7-m/libg_nano.a(lib_a-lseekr.o)
 .ARM.attributes
                0x00000666       0x2d /home/sunqi/program/gcc-arm-none-eabi-5_4-2016q3/bin/../lib/gcc/arm-none-eabi/5.4.1/../../../../arm-none-eabi/lib/armv7-m/libg_nano.a(lib_a-makebuf.o)
 .ARM.attributes
                0x00000693       0x2d /home/sunqi/program/gcc-arm-none-eabi-5_4-2016q3/bin/../lib/gcc/arm-none-eabi/5.4.1/../../../../arm-none-eabi/lib/armv7-m/libg_nano.a(lib_a-memchr-stub.o)
 .ARM.attributes
                0x000006c0       0x2d /home/sunqi/program/gcc-arm-none-eabi-5_4-2016q3/bin/../lib/gcc/arm-none-eabi/5.4.1/../../../../arm-none-eabi/lib/armv7-m/libg_nano.a(lib_a-memcpy-stub.o)
 .ARM.attributes
                0x000006ed       0x2d /home/sunqi/program/gcc-arm-none-eabi-5_4-2016q3/bin/../lib/gcc/arm-none-eabi/5.4.1/../../../../arm-none-eabi/lib/armv7-m/libg_nano.a(lib_a-memmove.o)
 .ARM.attributes
                0x0000071a       0x2d /home/sunqi/program/gcc-arm-none-eabi-5_4-2016q3/bin/../lib/gcc/arm-none-eabi/5.4.1/../../../../arm-none-eabi/lib/armv7-m/libg_nano.a(lib_a-mlock.o)
 .ARM.attributes
                0x00000747       0x2d /home/sunqi/program/gcc-arm-none-eabi-5_4-2016q3/bin/../lib/gcc/arm-none-eabi/5.4.1/../../../../arm-none-eabi/lib/armv7-m/libg_nano.a(lib_a-nano-freer.o)
 .ARM.attributes
                0x00000774       0x2d /home/sunqi/program/gcc-arm-none-eabi-5_4-2016q3/bin/../lib/gcc/arm-none-eabi/5.4.1/../../../../arm-none-eabi/lib/armv7-m/libg_nano.a(lib_a-nano-reallocr.o)
 .ARM.attributes
                0x000007a1       0x2d /home/sunqi/program/gcc-arm-none-eabi-5_4-2016q3/bin/../lib/gcc/arm-none-eabi/5.4.1/../../../../arm-none-eabi/lib/armv7-m/libg_nano.a(lib_a-readr.o)
 .ARM.attributes
                0x000007ce       0x2d /home/sunqi/program/gcc-arm-none-eabi-5_4-2016q3/bin/../lib/gcc/arm-none-eabi/5.4.1/../../../../arm-none-eabi/lib/armv7-m/libg_nano.a(lib_a-reent.o)
 .ARM.attributes
                0x000007fb       0x2d /home/sunqi/program/gcc-arm-none-eabi-5_4-2016q3/bin/../lib/gcc/arm-none-eabi/5.4.1/../../../../arm-none-eabi/lib/armv7-m/libg_nano.a(lib_a-fstatr.o)
 .ARM.attributes
                0x00000828       0x2d /home/sunqi/program/gcc-arm-none-eabi-5_4-2016q3/bin/../lib/gcc/arm-none-eabi/5.4.1/../../../../arm-none-eabi/lib/armv7-m/libg_nano.a(lib_a-isattyr.o)
 .ARM.attributes
                0x00000855       0x2d /home/sunqi/program/gcc-arm-none-eabi-5_4-2016q3/bin/../lib/gcc/arm-none-eabi/5.4.1/../../../../arm-none-eabi/lib/armv7-m/libg_nano.a(lib_a-nano-msizer.o)
 .ARM.attributes
                0x00000882       0x2d /home/sunqi/program/gcc-arm-none-eabi-5_4-2016q3/bin/../lib/gcc/arm-none-eabi/5.4.1/../../../../arm-none-eabi/lib/armv7-m/libnosys.a(close.o)
 .ARM.attributes
                0x000008af       0x2d /home/sunqi/program/gcc-arm-none-eabi-5_4-2016q3/bin/../lib/gcc/arm-none-eabi/5.4.1/../../../../arm-none-eabi/lib/armv7-m/libnosys.a(fstat.o)
 .ARM.attributes
                0x000008dc       0x2d /home/sunqi/program/gcc-arm-none-eabi-5_4-2016q3/bin/../lib/gcc/arm-none-eabi/5.4.1/../../../../arm-none-eabi/lib/armv7-m/libnosys.a(isatty.o)
 .ARM.attributes
                0x00000909       0x2d /home/sunqi/program/gcc-arm-none-eabi-5_4-2016q3/bin/../lib/gcc/arm-none-eabi/5.4.1/../../../../arm-none-eabi/lib/armv7-m/libnosys.a(lseek.o)
 .ARM.attributes
                0x00000936       0x2d /home/sunqi/program/gcc-arm-none-eabi-5_4-2016q3/bin/../lib/gcc/arm-none-eabi/5.4.1/../../../../arm-none-eabi/lib/armv7-m/libnosys.a(read.o)
 .ARM.attributes
                0x00000963       0x2d /home/sunqi/program/gcc-arm-none-eabi-5_4-2016q3/bin/../lib/gcc/arm-none-eabi/5.4.1/../../../../arm-none-eabi/lib/armv7-m/libnosys.a(sbrk.o)
 .ARM.attributes
                0x00000990       0x2d /home/sunqi/program/gcc-arm-none-eabi-5_4-2016q3/bin/../lib/gcc/arm-none-eabi/5.4.1/../../../../arm-none-eabi/lib/armv7-m/libnosys.a(write.o)
OUTPUT(mcu.elf elf32-littlearm)

.debug_line     0x00000000     0x56ad
 .debug_line    0x00000000       0x9f CMakeFiles/mcu.elf.dir/system/startup/startup_stm32f103xe.s.obj
 .debug_line    0x0000009f      0x78c CMakeFiles/mcu.elf.dir/main.c.obj
 .debug_line    0x0000082b      0x3ab CMakeFiles/mcu.elf.dir/user/delay.c.obj
 .debug_line    0x00000bd6     0x1300 CMakeFiles/mcu.elf.dir/user/lcd.c.obj
 .debug_line    0x00001ed6      0x36d CMakeFiles/mcu.elf.dir/user/led.c.obj
 .debug_line    0x00002243      0x600 CMakeFiles/mcu.elf.dir/user/usart.c.obj
 .debug_line    0x00002843      0x3af CMakeFiles/mcu.elf.dir/stdlib/Src/misc.c.obj
 .debug_line    0x00002bf2      0x405 CMakeFiles/mcu.elf.dir/stdlib/Src/stm32f10x_exti.c.obj
 .debug_line    0x00002ff7      0x5a4 CMakeFiles/mcu.elf.dir/stdlib/Src/stm32f10x_fsmc.c.obj
 .debug_line    0x0000359b      0x59b CMakeFiles/mcu.elf.dir/stdlib/Src/stm32f10x_gpio.c.obj
 .debug_line    0x00003b36      0x5f1 CMakeFiles/mcu.elf.dir/stdlib/Src/stm32f10x_rcc.c.obj
 .debug_line    0x00004127      0xbc7 CMakeFiles/mcu.elf.dir/stdlib/Src/stm32f10x_tim.c.obj
 .debug_line    0x00004cee      0x5c0 CMakeFiles/mcu.elf.dir/stdlib/Src/stm32f10x_usart.c.obj
 .debug_line    0x000052ae      0x3ff CMakeFiles/mcu.elf.dir/stdlib/Src/system_stm32f10x.c.obj

.debug_info     0x00000000    0x13427
 .debug_info    0x00000000       0x8b CMakeFiles/mcu.elf.dir/system/startup/startup_stm32f103xe.s.obj
 .debug_info    0x0000008b     0x1366 CMakeFiles/mcu.elf.dir/main.c.obj
 .debug_info    0x000013f1      0x1ed CMakeFiles/mcu.elf.dir/user/delay.c.obj
 .debug_info    0x000015de     0xb85c CMakeFiles/mcu.elf.dir/user/lcd.c.obj
 .debug_info    0x0000ce3a      0x2a4 CMakeFiles/mcu.elf.dir/user/led.c.obj
 .debug_info    0x0000d0de      0xfb3 CMakeFiles/mcu.elf.dir/user/usart.c.obj
 .debug_info    0x0000e091      0x53f CMakeFiles/mcu.elf.dir/stdlib/Src/misc.c.obj
 .debug_info    0x0000e5d0      0x344 CMakeFiles/mcu.elf.dir/stdlib/Src/stm32f10x_exti.c.obj
 .debug_info    0x0000e914      0x8ea CMakeFiles/mcu.elf.dir/stdlib/Src/stm32f10x_fsmc.c.obj
 .debug_info    0x0000f1fe      0x867 CMakeFiles/mcu.elf.dir/stdlib/Src/stm32f10x_gpio.c.obj
 .debug_info    0x0000fa65      0x8ad CMakeFiles/mcu.elf.dir/stdlib/Src/stm32f10x_rcc.c.obj
 .debug_info    0x00010312     0x2174 CMakeFiles/mcu.elf.dir/stdlib/Src/stm32f10x_tim.c.obj
 .debug_info    0x00012486      0xafc CMakeFiles/mcu.elf.dir/stdlib/Src/stm32f10x_usart.c.obj
 .debug_info    0x00012f82      0x4a5 CMakeFiles/mcu.elf.dir/stdlib/Src/system_stm32f10x.c.obj

.debug_abbrev   0x00000000     0x1846
 .debug_abbrev  0x00000000       0x12 CMakeFiles/mcu.elf.dir/system/startup/startup_stm32f103xe.s.obj
 .debug_abbrev  0x00000012      0x2cc CMakeFiles/mcu.elf.dir/main.c.obj
 .debug_abbrev  0x000002de      0x134 CMakeFiles/mcu.elf.dir/user/delay.c.obj
 .debug_abbrev  0x00000412      0x2dd CMakeFiles/mcu.elf.dir/user/lcd.c.obj
 .debug_abbrev  0x000006ef      0x129 CMakeFiles/mcu.elf.dir/user/led.c.obj
 .debug_abbrev  0x00000818      0x2c6 CMakeFiles/mcu.elf.dir/user/usart.c.obj
 .debug_abbrev  0x00000ade      0x159 CMakeFiles/mcu.elf.dir/stdlib/Src/misc.c.obj
 .debug_abbrev  0x00000c37      0x190 CMakeFiles/mcu.elf.dir/stdlib/Src/stm32f10x_exti.c.obj
 .debug_abbrev  0x00000dc7      0x193 CMakeFiles/mcu.elf.dir/stdlib/Src/stm32f10x_fsmc.c.obj
 .debug_abbrev  0x00000f5a      0x1f0 CMakeFiles/mcu.elf.dir/stdlib/Src/stm32f10x_gpio.c.obj
 .debug_abbrev  0x0000114a      0x1e5 CMakeFiles/mcu.elf.dir/stdlib/Src/stm32f10x_rcc.c.obj
 .debug_abbrev  0x0000132f      0x1df CMakeFiles/mcu.elf.dir/stdlib/Src/stm32f10x_tim.c.obj
 .debug_abbrev  0x0000150e      0x1c9 CMakeFiles/mcu.elf.dir/stdlib/Src/stm32f10x_usart.c.obj
 .debug_abbrev  0x000016d7      0x16f CMakeFiles/mcu.elf.dir/stdlib/Src/system_stm32f10x.c.obj

.debug_aranges  0x00000000      0x978
 .debug_aranges
                0x00000000       0x28 CMakeFiles/mcu.elf.dir/system/startup/startup_stm32f103xe.s.obj
 .debug_aranges
                0x00000028       0x80 CMakeFiles/mcu.elf.dir/main.c.obj
 .debug_aranges
                0x000000a8       0x30 CMakeFiles/mcu.elf.dir/user/delay.c.obj
 .debug_aranges
                0x000000d8      0x110 CMakeFiles/mcu.elf.dir/user/lcd.c.obj
 .debug_aranges
                0x000001e8       0x20 CMakeFiles/mcu.elf.dir/user/led.c.obj
 .debug_aranges
                0x00000208       0x38 CMakeFiles/mcu.elf.dir/user/usart.c.obj
 .debug_aranges
                0x00000240       0x40 CMakeFiles/mcu.elf.dir/stdlib/Src/misc.c.obj
 .debug_aranges
                0x00000280       0x58 CMakeFiles/mcu.elf.dir/stdlib/Src/stm32f10x_exti.c.obj
 .debug_aranges
                0x000002d8       0xb0 CMakeFiles/mcu.elf.dir/stdlib/Src/stm32f10x_fsmc.c.obj
 .debug_aranges
                0x00000388       0xa8 CMakeFiles/mcu.elf.dir/stdlib/Src/stm32f10x_gpio.c.obj
 .debug_aranges
                0x00000430      0x118 CMakeFiles/mcu.elf.dir/stdlib/Src/stm32f10x_rcc.c.obj
 .debug_aranges
                0x00000548      0x2f0 CMakeFiles/mcu.elf.dir/stdlib/Src/stm32f10x_tim.c.obj
 .debug_aranges
                0x00000838      0x100 CMakeFiles/mcu.elf.dir/stdlib/Src/stm32f10x_usart.c.obj
 .debug_aranges
                0x00000938       0x40 CMakeFiles/mcu.elf.dir/stdlib/Src/system_stm32f10x.c.obj

.debug_ranges   0x00000000      0x8a0
 .debug_ranges  0x00000000       0x20 CMakeFiles/mcu.elf.dir/system/startup/startup_stm32f103xe.s.obj
 .debug_ranges  0x00000020       0x70 CMakeFiles/mcu.elf.dir/main.c.obj
 .debug_ranges  0x00000090       0x20 CMakeFiles/mcu.elf.dir/user/delay.c.obj
 .debug_ranges  0x000000b0      0x100 CMakeFiles/mcu.elf.dir/user/lcd.c.obj
 .debug_ranges  0x000001b0       0x10 CMakeFiles/mcu.elf.dir/user/led.c.obj
 .debug_ranges  0x000001c0       0x28 CMakeFiles/mcu.elf.dir/user/usart.c.obj
 .debug_ranges  0x000001e8       0x30 CMakeFiles/mcu.elf.dir/stdlib/Src/misc.c.obj
 .debug_ranges  0x00000218       0x48 CMakeFiles/mcu.elf.dir/stdlib/Src/stm32f10x_exti.c.obj
 .debug_ranges  0x00000260       0xa0 CMakeFiles/mcu.elf.dir/stdlib/Src/stm32f10x_fsmc.c.obj
 .debug_ranges  0x00000300       0x98 CMakeFiles/mcu.elf.dir/stdlib/Src/stm32f10x_gpio.c.obj
 .debug_ranges  0x00000398      0x108 CMakeFiles/mcu.elf.dir/stdlib/Src/stm32f10x_rcc.c.obj
 .debug_ranges  0x000004a0      0x2e0 CMakeFiles/mcu.elf.dir/stdlib/Src/stm32f10x_tim.c.obj
 .debug_ranges  0x00000780       0xf0 CMakeFiles/mcu.elf.dir/stdlib/Src/stm32f10x_usart.c.obj
 .debug_ranges  0x00000870       0x30 CMakeFiles/mcu.elf.dir/stdlib/Src/system_stm32f10x.c.obj

.debug_loc      0x00000000     0x4dc6
 .debug_loc     0x00000000      0x17b CMakeFiles/mcu.elf.dir/main.c.obj
 .debug_loc     0x0000017b       0x68 CMakeFiles/mcu.elf.dir/user/delay.c.obj
 .debug_loc     0x000001e3     0x1463 CMakeFiles/mcu.elf.dir/user/lcd.c.obj
 .debug_loc     0x00001646       0x60 CMakeFiles/mcu.elf.dir/user/usart.c.obj
 .debug_loc     0x000016a6      0x160 CMakeFiles/mcu.elf.dir/stdlib/Src/misc.c.obj
 .debug_loc     0x00001806      0x164 CMakeFiles/mcu.elf.dir/stdlib/Src/stm32f10x_exti.c.obj
 .debug_loc     0x0000196a      0x586 CMakeFiles/mcu.elf.dir/stdlib/Src/stm32f10x_fsmc.c.obj
 .debug_loc     0x00001ef0      0x542 CMakeFiles/mcu.elf.dir/stdlib/Src/stm32f10x_gpio.c.obj
 .debug_loc     0x00002432      0x692 CMakeFiles/mcu.elf.dir/stdlib/Src/stm32f10x_rcc.c.obj
 .debug_loc     0x00002ac4     0x1aed CMakeFiles/mcu.elf.dir/stdlib/Src/stm32f10x_tim.c.obj
 .debug_loc     0x000045b1      0x736 CMakeFiles/mcu.elf.dir/stdlib/Src/stm32f10x_usart.c.obj
 .debug_loc     0x00004ce7       0xdf CMakeFiles/mcu.elf.dir/stdlib/Src/system_stm32f10x.c.obj

.debug_macro    0x00000000    0x10545
 .debug_macro   0x00000000      0x368 CMakeFiles/mcu.elf.dir/main.c.obj
 .debug_macro   0x00000368      0x892 CMakeFiles/mcu.elf.dir/main.c.obj
 .debug_macro   0x00000bfa       0x50 CMakeFiles/mcu.elf.dir/main.c.obj
 .debug_macro   0x00000c4a      0x34e CMakeFiles/mcu.elf.dir/main.c.obj
 .debug_macro   0x00000f98       0x34 CMakeFiles/mcu.elf.dir/main.c.obj
 .debug_macro   0x00000fcc       0x34 CMakeFiles/mcu.elf.dir/main.c.obj
 .debug_macro   0x00001000      0xb8e CMakeFiles/mcu.elf.dir/main.c.obj
 .debug_macro   0x00001b8e     0x7e6d CMakeFiles/mcu.elf.dir/main.c.obj
 .debug_macro   0x000099fb      0x2e4 CMakeFiles/mcu.elf.dir/main.c.obj
 .debug_macro   0x00009cdf      0x149 CMakeFiles/mcu.elf.dir/main.c.obj
 .debug_macro   0x00009e28      0x3cf CMakeFiles/mcu.elf.dir/main.c.obj
 .debug_macro   0x0000a1f7       0xc8 CMakeFiles/mcu.elf.dir/main.c.obj
 .debug_macro   0x0000a2bf      0x17b CMakeFiles/mcu.elf.dir/main.c.obj
 .debug_macro   0x0000a43a       0xac CMakeFiles/mcu.elf.dir/main.c.obj
 .debug_macro   0x0000a4e6      0x3b0 CMakeFiles/mcu.elf.dir/main.c.obj
 .debug_macro   0x0000a896       0x9d CMakeFiles/mcu.elf.dir/main.c.obj
 .debug_macro   0x0000a933      0x2d4 CMakeFiles/mcu.elf.dir/main.c.obj
 .debug_macro   0x0000ac07      0x279 CMakeFiles/mcu.elf.dir/main.c.obj
 .debug_macro   0x0000ae80      0x2ad CMakeFiles/mcu.elf.dir/main.c.obj
 .debug_macro   0x0000b12d      0x2b4 CMakeFiles/mcu.elf.dir/main.c.obj
 .debug_macro   0x0000b3e1       0x64 CMakeFiles/mcu.elf.dir/main.c.obj
 .debug_macro   0x0000b445       0x82 CMakeFiles/mcu.elf.dir/main.c.obj
 .debug_macro   0x0000b4c7      0x3e2 CMakeFiles/mcu.elf.dir/main.c.obj
 .debug_macro   0x0000b8a9       0x58 CMakeFiles/mcu.elf.dir/main.c.obj
 .debug_macro   0x0000b901      0x344 CMakeFiles/mcu.elf.dir/main.c.obj
 .debug_macro   0x0000bc45      0x2c4 CMakeFiles/mcu.elf.dir/main.c.obj
 .debug_macro   0x0000bf09      0x711 CMakeFiles/mcu.elf.dir/main.c.obj
 .debug_macro   0x0000c61a      0x222 CMakeFiles/mcu.elf.dir/main.c.obj
 .debug_macro   0x0000c83c       0x34 CMakeFiles/mcu.elf.dir/main.c.obj
 .debug_macro   0x0000c870       0x8c CMakeFiles/mcu.elf.dir/main.c.obj
 .debug_macro   0x0000c8fc       0x35 CMakeFiles/mcu.elf.dir/main.c.obj
 .debug_macro   0x0000c931       0xc4 CMakeFiles/mcu.elf.dir/main.c.obj
 .debug_macro   0x0000c9f5       0x16 CMakeFiles/mcu.elf.dir/main.c.obj
 .debug_macro   0x0000ca0b       0x10 CMakeFiles/mcu.elf.dir/main.c.obj
 .debug_macro   0x0000ca1b       0x3a CMakeFiles/mcu.elf.dir/main.c.obj
 .debug_macro   0x0000ca55       0x22 CMakeFiles/mcu.elf.dir/main.c.obj
 .debug_macro   0x0000ca77       0x4c CMakeFiles/mcu.elf.dir/main.c.obj
 .debug_macro   0x0000cac3       0x8d CMakeFiles/mcu.elf.dir/main.c.obj
 .debug_macro   0x0000cb50       0x35 CMakeFiles/mcu.elf.dir/main.c.obj
 .debug_macro   0x0000cb85       0x9c CMakeFiles/mcu.elf.dir/main.c.obj
 .debug_macro   0x0000cc21       0x16 CMakeFiles/mcu.elf.dir/main.c.obj
 .debug_macro   0x0000cc37       0x4a CMakeFiles/mcu.elf.dir/main.c.obj
 .debug_macro   0x0000cc81       0x97 CMakeFiles/mcu.elf.dir/main.c.obj
 .debug_macro   0x0000cd18      0x30d CMakeFiles/mcu.elf.dir/main.c.obj
 .debug_macro   0x0000d025       0xfd CMakeFiles/mcu.elf.dir/main.c.obj
 .debug_macro   0x0000d122       0x10 CMakeFiles/mcu.elf.dir/main.c.obj
 .debug_macro   0x0000d132       0x52 CMakeFiles/mcu.elf.dir/main.c.obj
 .debug_macro   0x0000d184       0x1f CMakeFiles/mcu.elf.dir/main.c.obj
 .debug_macro   0x0000d1a3       0x43 CMakeFiles/mcu.elf.dir/main.c.obj
 .debug_macro   0x0000d1e6       0x20 CMakeFiles/mcu.elf.dir/main.c.obj
 .debug_macro   0x0000d206      0x187 CMakeFiles/mcu.elf.dir/main.c.obj
 .debug_macro   0x0000d38d       0x10 CMakeFiles/mcu.elf.dir/main.c.obj
 .debug_macro   0x0000d39d       0x5e CMakeFiles/mcu.elf.dir/main.c.obj
 .debug_macro   0x0000d3fb       0x1c CMakeFiles/mcu.elf.dir/main.c.obj
 .debug_macro   0x0000d417       0x52 CMakeFiles/mcu.elf.dir/main.c.obj
 .debug_macro   0x0000d469       0x40 CMakeFiles/mcu.elf.dir/main.c.obj
 .debug_macro   0x0000d4a9       0x10 CMakeFiles/mcu.elf.dir/main.c.obj
 .debug_macro   0x0000d4b9       0x40 CMakeFiles/mcu.elf.dir/main.c.obj
 .debug_macro   0x0000d4f9       0xd7 CMakeFiles/mcu.elf.dir/main.c.obj
 .debug_macro   0x0000d5d0       0x16 CMakeFiles/mcu.elf.dir/main.c.obj
 .debug_macro   0x0000d5e6      0x18b CMakeFiles/mcu.elf.dir/main.c.obj
 .debug_macro   0x0000d771       0x10 CMakeFiles/mcu.elf.dir/main.c.obj
 .debug_macro   0x0000d781       0x16 CMakeFiles/mcu.elf.dir/main.c.obj
 .debug_macro   0x0000d797       0x35 CMakeFiles/mcu.elf.dir/main.c.obj
 .debug_macro   0x0000d7cc       0x16 CMakeFiles/mcu.elf.dir/main.c.obj
 .debug_macro   0x0000d7e2       0x29 CMakeFiles/mcu.elf.dir/main.c.obj
 .debug_macro   0x0000d80b      0x133 CMakeFiles/mcu.elf.dir/main.c.obj
 .debug_macro   0x0000d93e      0x17a CMakeFiles/mcu.elf.dir/user/delay.c.obj
 .debug_macro   0x0000dab8      0x33d CMakeFiles/mcu.elf.dir/user/lcd.c.obj
 .debug_macro   0x0000ddf5      0x10e CMakeFiles/mcu.elf.dir/user/lcd.c.obj
 .debug_macro   0x0000df03       0x8d CMakeFiles/mcu.elf.dir/user/lcd.c.obj
 .debug_macro   0x0000df90       0x1c CMakeFiles/mcu.elf.dir/user/lcd.c.obj
 .debug_macro   0x0000dfac      0x17f CMakeFiles/mcu.elf.dir/user/led.c.obj
 .debug_macro   0x0000e12b       0x10 CMakeFiles/mcu.elf.dir/user/led.c.obj
 .debug_macro   0x0000e13b      0x2ec CMakeFiles/mcu.elf.dir/user/usart.c.obj
 .debug_macro   0x0000e427      0x171 CMakeFiles/mcu.elf.dir/stdlib/Src/misc.c.obj
 .debug_macro   0x0000e598       0x86 CMakeFiles/mcu.elf.dir/stdlib/Src/misc.c.obj
 .debug_macro   0x0000e61e      0x171 CMakeFiles/mcu.elf.dir/stdlib/Src/stm32f10x_exti.c.obj
 .debug_macro   0x0000e78f       0x97 CMakeFiles/mcu.elf.dir/stdlib/Src/stm32f10x_exti.c.obj
 .debug_macro   0x0000e826      0x19f CMakeFiles/mcu.elf.dir/stdlib/Src/stm32f10x_fsmc.c.obj
 .debug_macro   0x0000e9c5      0x273 CMakeFiles/mcu.elf.dir/stdlib/Src/stm32f10x_fsmc.c.obj
 .debug_macro   0x0000ec38      0x1c1 CMakeFiles/mcu.elf.dir/stdlib/Src/stm32f10x_gpio.c.obj
 .debug_macro   0x0000edf9      0x2a7 CMakeFiles/mcu.elf.dir/stdlib/Src/stm32f10x_gpio.c.obj
 .debug_macro   0x0000f0a0      0x28a CMakeFiles/mcu.elf.dir/stdlib/Src/stm32f10x_rcc.c.obj
 .debug_macro   0x0000f32a      0x3dc CMakeFiles/mcu.elf.dir/stdlib/Src/stm32f10x_rcc.c.obj
 .debug_macro   0x0000f706      0x187 CMakeFiles/mcu.elf.dir/stdlib/Src/stm32f10x_tim.c.obj
 .debug_macro   0x0000f88d      0x70b CMakeFiles/mcu.elf.dir/stdlib/Src/stm32f10x_tim.c.obj
 .debug_macro   0x0000ff98      0x223 CMakeFiles/mcu.elf.dir/stdlib/Src/stm32f10x_usart.c.obj
 .debug_macro   0x000101bb      0x21c CMakeFiles/mcu.elf.dir/stdlib/Src/stm32f10x_usart.c.obj
 .debug_macro   0x000103d7      0x16e CMakeFiles/mcu.elf.dir/stdlib/Src/system_stm32f10x.c.obj

.debug_str      0x00000000    0x5695a
 .debug_str     0x00000000    0x535e3 CMakeFiles/mcu.elf.dir/main.c.obj
                              0x5385d (size before relaxing)
 .debug_str     0x000535e3       0x8c CMakeFiles/mcu.elf.dir/user/delay.c.obj
                              0x4e81d (size before relaxing)
 .debug_str     0x0005366f      0x52e CMakeFiles/mcu.elf.dir/user/lcd.c.obj
                              0x532ab (size before relaxing)
 .debug_str     0x00053b9d       0x36 CMakeFiles/mcu.elf.dir/user/led.c.obj
                              0x4e92e (size before relaxing)
 .debug_str     0x00053bd3      0x42d CMakeFiles/mcu.elf.dir/user/usart.c.obj
                              0x5325a (size before relaxing)
 .debug_str     0x00054000      0x180 CMakeFiles/mcu.elf.dir/stdlib/Src/misc.c.obj
                              0x4e58b (size before relaxing)
 .debug_str     0x00054180      0x108 CMakeFiles/mcu.elf.dir/stdlib/Src/stm32f10x_exti.c.obj
                              0x4e518 (size before relaxing)
 .debug_str     0x00054288      0x4fc CMakeFiles/mcu.elf.dir/stdlib/Src/stm32f10x_fsmc.c.obj
                              0x4ea51 (size before relaxing)
 .debug_str     0x00054784      0x475 CMakeFiles/mcu.elf.dir/stdlib/Src/stm32f10x_gpio.c.obj
                              0x4e909 (size before relaxing)
 .debug_str     0x00054bf9      0xb0f CMakeFiles/mcu.elf.dir/stdlib/Src/stm32f10x_rcc.c.obj
                              0x4eed8 (size before relaxing)
 .debug_str     0x00055708      0xa83 CMakeFiles/mcu.elf.dir/stdlib/Src/stm32f10x_tim.c.obj
                              0x4f024 (size before relaxing)
 .debug_str     0x0005618b      0x703 CMakeFiles/mcu.elf.dir/stdlib/Src/stm32f10x_usart.c.obj
                              0x4ec42 (size before relaxing)
 .debug_str     0x0005688e       0xcc CMakeFiles/mcu.elf.dir/stdlib/Src/system_stm32f10x.c.obj
                              0x4e4bd (size before relaxing)

.comment        0x00000000       0x6e
 .comment       0x00000000       0x6e CMakeFiles/mcu.elf.dir/main.c.obj
                                 0x6f (size before relaxing)
 .comment       0x0000006e       0x6f CMakeFiles/mcu.elf.dir/user/delay.c.obj
 .comment       0x0000006e       0x6f CMakeFiles/mcu.elf.dir/user/lcd.c.obj
 .comment       0x0000006e       0x6f CMakeFiles/mcu.elf.dir/user/led.c.obj
 .comment       0x0000006e       0x6f CMakeFiles/mcu.elf.dir/user/usart.c.obj
 .comment       0x0000006e       0x6f CMakeFiles/mcu.elf.dir/stdlib/Src/misc.c.obj
 .comment       0x0000006e       0x6f CMakeFiles/mcu.elf.dir/stdlib/Src/stm32f10x_exti.c.obj
 .comment       0x0000006e       0x6f CMakeFiles/mcu.elf.dir/stdlib/Src/stm32f10x_fsmc.c.obj
 .comment       0x0000006e       0x6f CMakeFiles/mcu.elf.dir/stdlib/Src/stm32f10x_gpio.c.obj
 .comment       0x0000006e       0x6f CMakeFiles/mcu.elf.dir/stdlib/Src/stm32f10x_rcc.c.obj
 .comment       0x0000006e       0x6f CMakeFiles/mcu.elf.dir/stdlib/Src/stm32f10x_tim.c.obj
 .comment       0x0000006e       0x6f CMakeFiles/mcu.elf.dir/stdlib/Src/stm32f10x_usart.c.obj
 .comment       0x0000006e       0x6f CMakeFiles/mcu.elf.dir/stdlib/Src/system_stm32f10x.c.obj

.debug_frame    0x00000000     0x1f00
 .debug_frame   0x00000000      0x168 CMakeFiles/mcu.elf.dir/main.c.obj
 .debug_frame   0x00000168       0x48 CMakeFiles/mcu.elf.dir/user/delay.c.obj
 .debug_frame   0x000001b0      0x38c CMakeFiles/mcu.elf.dir/user/lcd.c.obj
 .debug_frame   0x0000053c       0x30 CMakeFiles/mcu.elf.dir/user/led.c.obj
 .debug_frame   0x0000056c       0x6c CMakeFiles/mcu.elf.dir/user/usart.c.obj
 .debug_frame   0x000005d8       0x60 CMakeFiles/mcu.elf.dir/stdlib/Src/misc.c.obj
 .debug_frame   0x00000638       0xa4 CMakeFiles/mcu.elf.dir/stdlib/Src/stm32f10x_exti.c.obj
 .debug_frame   0x000006dc      0x170 CMakeFiles/mcu.elf.dir/stdlib/Src/stm32f10x_fsmc.c.obj
 .debug_frame   0x0000084c      0x16c CMakeFiles/mcu.elf.dir/stdlib/Src/stm32f10x_gpio.c.obj
 .debug_frame   0x000009b8      0x228 CMakeFiles/mcu.elf.dir/stdlib/Src/stm32f10x_rcc.c.obj
 .debug_frame   0x00000be0      0x6c4 CMakeFiles/mcu.elf.dir/stdlib/Src/stm32f10x_tim.c.obj
 .debug_frame   0x000012a4      0x220 CMakeFiles/mcu.elf.dir/stdlib/Src/stm32f10x_usart.c.obj
 .debug_frame   0x000014c4       0x78 CMakeFiles/mcu.elf.dir/stdlib/Src/system_stm32f10x.c.obj
 .debug_frame   0x0000153c       0x2c /home/sunqi/program/gcc-arm-none-eabi-5_4-2016q3/bin/../lib/gcc/arm-none-eabi/5.4.1/../../../../arm-none-eabi/lib/armv7-m/libg_nano.a(lib_a-init.o)
 .debug_frame   0x00001568       0x74 /home/sunqi/program/gcc-arm-none-eabi-5_4-2016q3/bin/../lib/gcc/arm-none-eabi/5.4.1/../../../../arm-none-eabi/lib/armv7-m/libg_nano.a(lib_a-printf.o)
 .debug_frame   0x000015dc       0x70 /home/sunqi/program/gcc-arm-none-eabi-5_4-2016q3/bin/../lib/gcc/arm-none-eabi/5.4.1/../../../../arm-none-eabi/lib/armv7-m/libg_nano.a(lib_a-sprintf.o)
 .debug_frame   0x0000164c      0x11c /home/sunqi/program/gcc-arm-none-eabi-5_4-2016q3/bin/../lib/gcc/arm-none-eabi/5.4.1/../../../../arm-none-eabi/lib/armv7-m/libg_nano.a(lib_a-findfp.o)
 .debug_frame   0x00001768       0x54 /home/sunqi/program/gcc-arm-none-eabi-5_4-2016q3/bin/../lib/gcc/arm-none-eabi/5.4.1/../../../../arm-none-eabi/lib/armv7-m/libg_nano.a(lib_a-fwalk.o)
 .debug_frame   0x000017bc       0x20 /home/sunqi/program/gcc-arm-none-eabi-5_4-2016q3/bin/../lib/gcc/arm-none-eabi/5.4.1/../../../../arm-none-eabi/lib/armv7-m/libg_nano.a(lib_a-memset.o)
 .debug_frame   0x000017dc       0x2c /home/sunqi/program/gcc-arm-none-eabi-5_4-2016q3/bin/../lib/gcc/arm-none-eabi/5.4.1/../../../../arm-none-eabi/lib/armv7-m/libg_nano.a(lib_a-nano-mallocr.o)
 .debug_frame   0x00001808       0x90 /home/sunqi/program/gcc-arm-none-eabi-5_4-2016q3/bin/../lib/gcc/arm-none-eabi/5.4.1/../../../../arm-none-eabi/lib/armv7-m/libg_nano.a(lib_a-nano-svfprintf.o)
 .debug_frame   0x00001898       0xac /home/sunqi/program/gcc-arm-none-eabi-5_4-2016q3/bin/../lib/gcc/arm-none-eabi/5.4.1/../../../../arm-none-eabi/lib/armv7-m/libg_nano.a(lib_a-nano-vfprintf.o)
 .debug_frame   0x00001944       0x60 /home/sunqi/program/gcc-arm-none-eabi-5_4-2016q3/bin/../lib/gcc/arm-none-eabi/5.4.1/../../../../arm-none-eabi/lib/armv7-m/libg_nano.a(lib_a-nano-vfprintf_i.o)
 .debug_frame   0x000019a4       0x2c /home/sunqi/program/gcc-arm-none-eabi-5_4-2016q3/bin/../lib/gcc/arm-none-eabi/5.4.1/../../../../arm-none-eabi/lib/armv7-m/libg_nano.a(lib_a-sbrkr.o)
 .debug_frame   0x000019d0       0x88 /home/sunqi/program/gcc-arm-none-eabi-5_4-2016q3/bin/../lib/gcc/arm-none-eabi/5.4.1/../../../../arm-none-eabi/lib/armv7-m/libg_nano.a(lib_a-stdio.o)
 .debug_frame   0x00001a58       0x40 /home/sunqi/program/gcc-arm-none-eabi-5_4-2016q3/bin/../lib/gcc/arm-none-eabi/5.4.1/../../../../arm-none-eabi/lib/armv7-m/libg_nano.a(lib_a-wbuf.o)
 .debug_frame   0x00001a98       0x2c /home/sunqi/program/gcc-arm-none-eabi-5_4-2016q3/bin/../lib/gcc/arm-none-eabi/5.4.1/../../../../arm-none-eabi/lib/armv7-m/libg_nano.a(lib_a-writer.o)
 .debug_frame   0x00001ac4       0x2c /home/sunqi/program/gcc-arm-none-eabi-5_4-2016q3/bin/../lib/gcc/arm-none-eabi/5.4.1/../../../../arm-none-eabi/lib/armv7-m/libg_nano.a(lib_a-wsetup.o)
 .debug_frame   0x00001af0       0x2c /home/sunqi/program/gcc-arm-none-eabi-5_4-2016q3/bin/../lib/gcc/arm-none-eabi/5.4.1/../../../../arm-none-eabi/lib/armv7-m/libg_nano.a(lib_a-closer.o)
 .debug_frame   0x00001b1c       0x68 /home/sunqi/program/gcc-arm-none-eabi-5_4-2016q3/bin/../lib/gcc/arm-none-eabi/5.4.1/../../../../arm-none-eabi/lib/armv7-m/libg_nano.a(lib_a-fflush.o)
 .debug_frame   0x00001b84       0x2c /home/sunqi/program/gcc-arm-none-eabi-5_4-2016q3/bin/../lib/gcc/arm-none-eabi/5.4.1/../../../../arm-none-eabi/lib/armv7-m/libg_nano.a(lib_a-lseekr.o)
 .debug_frame   0x00001bb0       0x54 /home/sunqi/program/gcc-arm-none-eabi-5_4-2016q3/bin/../lib/gcc/arm-none-eabi/5.4.1/../../../../arm-none-eabi/lib/armv7-m/libg_nano.a(lib_a-makebuf.o)
 .debug_frame   0x00001c04       0x28 /home/sunqi/program/gcc-arm-none-eabi-5_4-2016q3/bin/../lib/gcc/arm-none-eabi/5.4.1/../../../../arm-none-eabi/lib/armv7-m/libg_nano.a(lib_a-memchr-stub.o)
 .debug_frame   0x00001c2c       0x28 /home/sunqi/program/gcc-arm-none-eabi-5_4-2016q3/bin/../lib/gcc/arm-none-eabi/5.4.1/../../../../arm-none-eabi/lib/armv7-m/libg_nano.a(lib_a-memcpy-stub.o)
 .debug_frame   0x00001c54       0x28 /home/sunqi/program/gcc-arm-none-eabi-5_4-2016q3/bin/../lib/gcc/arm-none-eabi/5.4.1/../../../../arm-none-eabi/lib/armv7-m/libg_nano.a(lib_a-memmove.o)
 .debug_frame   0x00001c7c       0x30 /home/sunqi/program/gcc-arm-none-eabi-5_4-2016q3/bin/../lib/gcc/arm-none-eabi/5.4.1/../../../../arm-none-eabi/lib/armv7-m/libg_nano.a(lib_a-mlock.o)
 .debug_frame   0x00001cac       0x38 /home/sunqi/program/gcc-arm-none-eabi-5_4-2016q3/bin/../lib/gcc/arm-none-eabi/5.4.1/../../../../arm-none-eabi/lib/armv7-m/libg_nano.a(lib_a-nano-freer.o)
 .debug_frame   0x00001ce4       0x3c /home/sunqi/program/gcc-arm-none-eabi-5_4-2016q3/bin/../lib/gcc/arm-none-eabi/5.4.1/../../../../arm-none-eabi/lib/armv7-m/libg_nano.a(lib_a-nano-reallocr.o)
 .debug_frame   0x00001d20       0x2c /home/sunqi/program/gcc-arm-none-eabi-5_4-2016q3/bin/../lib/gcc/arm-none-eabi/5.4.1/../../../../arm-none-eabi/lib/armv7-m/libg_nano.a(lib_a-readr.o)
 .debug_frame   0x00001d4c       0x5c /home/sunqi/program/gcc-arm-none-eabi-5_4-2016q3/bin/../lib/gcc/arm-none-eabi/5.4.1/../../../../arm-none-eabi/lib/armv7-m/libg_nano.a(lib_a-reent.o)
 .debug_frame   0x00001da8       0x2c /home/sunqi/program/gcc-arm-none-eabi-5_4-2016q3/bin/../lib/gcc/arm-none-eabi/5.4.1/../../../../arm-none-eabi/lib/armv7-m/libg_nano.a(lib_a-fstatr.o)
 .debug_frame   0x00001dd4       0x2c /home/sunqi/program/gcc-arm-none-eabi-5_4-2016q3/bin/../lib/gcc/arm-none-eabi/5.4.1/../../../../arm-none-eabi/lib/armv7-m/libg_nano.a(lib_a-isattyr.o)
 .debug_frame   0x00001e00       0x20 /home/sunqi/program/gcc-arm-none-eabi-5_4-2016q3/bin/../lib/gcc/arm-none-eabi/5.4.1/../../../../arm-none-eabi/lib/armv7-m/libg_nano.a(lib_a-nano-msizer.o)
 .debug_frame   0x00001e20       0x20 /home/sunqi/program/gcc-arm-none-eabi-5_4-2016q3/bin/../lib/gcc/arm-none-eabi/5.4.1/../../../../arm-none-eabi/lib/armv7-m/libnosys.a(close.o)
 .debug_frame   0x00001e40       0x20 /home/sunqi/program/gcc-arm-none-eabi-5_4-2016q3/bin/../lib/gcc/arm-none-eabi/5.4.1/../../../../arm-none-eabi/lib/armv7-m/libnosys.a(fstat.o)
 .debug_frame   0x00001e60       0x20 /home/sunqi/program/gcc-arm-none-eabi-5_4-2016q3/bin/../lib/gcc/arm-none-eabi/5.4.1/../../../../arm-none-eabi/lib/armv7-m/libnosys.a(isatty.o)
 .debug_frame   0x00001e80       0x20 /home/sunqi/program/gcc-arm-none-eabi-5_4-2016q3/bin/../lib/gcc/arm-none-eabi/5.4.1/../../../../arm-none-eabi/lib/armv7-m/libnosys.a(lseek.o)
 .debug_frame   0x00001ea0       0x20 /home/sunqi/program/gcc-arm-none-eabi-5_4-2016q3/bin/../lib/gcc/arm-none-eabi/5.4.1/../../../../arm-none-eabi/lib/armv7-m/libnosys.a(read.o)
 .debug_frame   0x00001ec0       0x20 /home/sunqi/program/gcc-arm-none-eabi-5_4-2016q3/bin/../lib/gcc/arm-none-eabi/5.4.1/../../../../arm-none-eabi/lib/armv7-m/libnosys.a(sbrk.o)
 .debug_frame   0x00001ee0       0x20 /home/sunqi/program/gcc-arm-none-eabi-5_4-2016q3/bin/../lib/gcc/arm-none-eabi/5.4.1/../../../../arm-none-eabi/lib/armv7-m/libnosys.a(write.o)

.stab           0x00000000       0x9c
 .stab          0x00000000       0x24 /home/sunqi/program/gcc-arm-none-eabi-5_4-2016q3/bin/../lib/gcc/arm-none-eabi/5.4.1/../../../../arm-none-eabi/lib/armv7-m/libnosys.a(close.o)
 .stab          0x00000024       0x18 /home/sunqi/program/gcc-arm-none-eabi-5_4-2016q3/bin/../lib/gcc/arm-none-eabi/5.4.1/../../../../arm-none-eabi/lib/armv7-m/libnosys.a(fstat.o)
                                 0x24 (size before relaxing)
 .stab          0x0000003c       0x18 /home/sunqi/program/gcc-arm-none-eabi-5_4-2016q3/bin/../lib/gcc/arm-none-eabi/5.4.1/../../../../arm-none-eabi/lib/armv7-m/libnosys.a(isatty.o)
                                 0x24 (size before relaxing)
 .stab          0x00000054       0x18 /home/sunqi/program/gcc-arm-none-eabi-5_4-2016q3/bin/../lib/gcc/arm-none-eabi/5.4.1/../../../../arm-none-eabi/lib/armv7-m/libnosys.a(lseek.o)
                                 0x24 (size before relaxing)
 .stab          0x0000006c       0x18 /home/sunqi/program/gcc-arm-none-eabi-5_4-2016q3/bin/../lib/gcc/arm-none-eabi/5.4.1/../../../../arm-none-eabi/lib/armv7-m/libnosys.a(read.o)
                                 0x24 (size before relaxing)
 .stab          0x00000084       0x18 /home/sunqi/program/gcc-arm-none-eabi-5_4-2016q3/bin/../lib/gcc/arm-none-eabi/5.4.1/../../../../arm-none-eabi/lib/armv7-m/libnosys.a(write.o)
                                 0x24 (size before relaxing)

.stabstr        0x00000000      0x14d
 .stabstr       0x00000000      0x14d /home/sunqi/program/gcc-arm-none-eabi-5_4-2016q3/bin/../lib/gcc/arm-none-eabi/5.4.1/../../../../arm-none-eabi/lib/armv7-m/libnosys.a(close.o)
